-- Logs begin at Fri 2026-05-08 06:59:57 UTC, end at Fri 2026-05-08 07:41:47 UTC. --
May 08 07:38:22 ip-172-31-35-142.eu-west-1.compute.internal dlm_controld[14899]: 2307 fence status 4 receive -1 from 3 walltime 1778225902 local 2307
May 08 07:38:22 ip-172-31-35-142.eu-west-1.compute.internal dlm_controld[14899]: 2307 fence request 4 pid 32610 nodedown time 1778225664 fence_all dlm_stonith
May 08 07:38:23 ip-172-31-35-142.eu-west-1.compute.internal dlm_controld[14899]: 2308 fence result 4 pid 32610 result -1 term signal 6
May 08 07:38:23 ip-172-31-35-142.eu-west-1.compute.internal dlm_controld[14899]: 2308 fence status 4 receive -1 from 1 walltime 1778225903 local 2308
May 08 07:38:23 ip-172-31-35-142.eu-west-1.compute.internal dlm_controld[14899]: 2308 fence request 5 no actor
May 08 07:38:24 ip-172-31-35-142.eu-west-1.compute.internal dlm_controld[14899]: 2309 fence status 4 receive -1 from 2 walltime 1778225904 local 2309
May 08 07:38:24 ip-172-31-35-142.eu-west-1.compute.internal dlm_controld[14899]: 2309 fence request 5 no actor
May 08 07:38:25 ip-172-31-35-142.eu-west-1.compute.internal dlm_controld[14899]: 2310 fence status 4 receive -1 from 3 walltime 1778225905 local 2310
May 08 07:38:25 ip-172-31-35-142.eu-west-1.compute.internal dlm_controld[14899]: 2310 fence request 4 pid 32668 nodedown time 1778225664 fence_all dlm_stonith
May 08 07:38:26 ip-172-31-35-142.eu-west-1.compute.internal dlm_controld[14899]: 2311 fence result 4 pid 32668 result -1 term signal 6
May 08 07:38:26 ip-172-31-35-142.eu-west-1.compute.internal dlm_controld[14899]: 2311 fence status 4 receive -1 from 1 walltime 1778225906 local 2311
May 08 07:38:26 ip-172-31-35-142.eu-west-1.compute.internal dlm_controld[14899]: 2311 fence request 5 no actor
May 08 07:38:27 ip-172-31-35-142.eu-west-1.compute.internal dlm_controld[14899]: 2312 fence status 4 receive -1 from 2 walltime 1778225907 local 2312
May 08 07:38:27 ip-172-31-35-142.eu-west-1.compute.internal dlm_controld[14899]: 2312 fence request 5 no actor
May 08 07:38:28 ip-172-31-35-142.eu-west-1.compute.internal dlm_controld[14899]: 2313 fence status 4 receive -1 from 3 walltime 1778225908 local 2313
May 08 07:38:28 ip-172-31-35-142.eu-west-1.compute.internal dlm_controld[14899]: 2313 fence request 4 pid 32685 nodedown time 1778225664 fence_all dlm_stonith
May 08 07:38:29 ip-172-31-35-142.eu-west-1.compute.internal dlm_controld[14899]: 2314 fence result 4 pid 32685 result -1 term signal 6
May 08 07:38:29 ip-172-31-35-142.eu-west-1.compute.internal dlm_controld[14899]: 2314 fence status 4 receive -1 from 1 walltime 1778225909 local 2314
May 08 07:38:29 ip-172-31-35-142.eu-west-1.compute.internal dlm_controld[14899]: 2314 fence request 5 no actor
May 08 07:38:30 ip-172-31-35-142.eu-west-1.compute.internal dlm_controld[14899]: 2315 fence status 4 receive -1 from 2 walltime 1778225910 local 2315
May 08 07:38:30 ip-172-31-35-142.eu-west-1.compute.internal dlm_controld[14899]: 2315 fence request 5 no actor
May 08 07:38:31 ip-172-31-35-142.eu-west-1.compute.internal dlm_controld[14899]: 2316 fence status 4 receive -1 from 3 walltime 1778225911 local 2316
May 08 07:38:31 ip-172-31-35-142.eu-west-1.compute.internal dlm_controld[14899]: 2316 fence request 4 pid 32702 nodedown time 1778225664 fence_all dlm_stonith
May 08 07:38:32 ip-172-31-35-142.eu-west-1.compute.internal dlm_controld[14899]: 2317 fence result 4 pid 32702 result -1 term signal 6
May 08 07:38:32 ip-172-31-35-142.eu-west-1.compute.internal dlm_controld[14899]: 2317 fence status 4 receive -1 from 1 walltime 1778225912 local 2317
May 08 07:38:32 ip-172-31-35-142.eu-west-1.compute.internal dlm_controld[14899]: 2317 fence request 5 no actor
May 08 07:38:33 ip-172-31-35-142.eu-west-1.compute.internal dlm_controld[14899]: 2318 fence status 4 receive -1 from 2 walltime 1778225913 local 2318
May 08 07:38:33 ip-172-31-35-142.eu-west-1.compute.internal dlm_controld[14899]: 2318 fence request 5 no actor
May 08 07:38:34 ip-172-31-35-142.eu-west-1.compute.internal dlm_controld[14899]: 2319 fence status 4 receive -1 from 3 walltime 1778225914 local 2319
May 08 07:38:34 ip-172-31-35-142.eu-west-1.compute.internal dlm_controld[14899]: 2319 fence request 4 pid 32760 nodedown time 1778225664 fence_all dlm_stonith
May 08 07:38:35 ip-172-31-35-142.eu-west-1.compute.internal dlm_controld[14899]: 2320 fence result 4 pid 32760 result -1 term signal 6
May 08 07:38:35 ip-172-31-35-142.eu-west-1.compute.internal dlm_controld[14899]: 2320 fence status 4 receive -1 from 1 walltime 1778225915 local 2320
May 08 07:38:35 ip-172-31-35-142.eu-west-1.compute.internal dlm_controld[14899]: 2320 fence request 5 no actor
May 08 07:38:36 ip-172-31-35-142.eu-west-1.compute.internal dlm_controld[14899]: 2321 fence status 4 receive -1 from 2 walltime 1778225916 local 2321
May 08 07:38:36 ip-172-31-35-142.eu-west-1.compute.internal dlm_controld[14899]: 2321 fence request 5 no actor
May 08 07:38:37 ip-172-31-35-142.eu-west-1.compute.internal dlm_controld[14899]: 2322 fence status 4 receive -1 from 3 walltime 1778225917 local 2322
May 08 07:38:37 ip-172-31-35-142.eu-west-1.compute.internal dlm_controld[14899]: 2322 fence request 4 pid 309 nodedown time 1778225664 fence_all dlm_stonith
May 08 07:38:38 ip-172-31-35-142.eu-west-1.compute.internal dlm_controld[14899]: 2323 fence result 4 pid 309 result -1 term signal 6
May 08 07:38:38 ip-172-31-35-142.eu-west-1.compute.internal dlm_controld[14899]: 2323 fence status 4 receive -1 from 1 walltime 1778225918 local 2323
May 08 07:38:38 ip-172-31-35-142.eu-west-1.compute.internal dlm_controld[14899]: 2323 fence request 5 no actor
May 08 07:38:39 ip-172-31-35-142.eu-west-1.compute.internal dlm_controld[14899]: 2324 fence status 4 receive -1 from 2 walltime 1778225919 local 2324
May 08 07:38:39 ip-172-31-35-142.eu-west-1.compute.internal dlm_controld[14899]: 2324 fence request 5 no actor
May 08 07:38:40 ip-172-31-35-142.eu-west-1.compute.internal dlm_controld[14899]: 2325 fence status 4 receive -1 from 3 walltime 1778225920 local 2325
May 08 07:38:40 ip-172-31-35-142.eu-west-1.compute.internal dlm_controld[14899]: 2325 fence request 4 pid 326 nodedown time 1778225664 fence_all dlm_stonith
May 08 07:38:41 ip-172-31-35-142.eu-west-1.compute.internal dlm_controld[14899]: 2326 fence result 4 pid 326 result -1 term signal 6
May 08 07:38:41 ip-172-31-35-142.eu-west-1.compute.internal dlm_controld[14899]: 2326 fence status 4 receive -1 from 1 walltime 1778225921 local 2326
May 08 07:38:41 ip-172-31-35-142.eu-west-1.compute.internal dlm_controld[14899]: 2326 fence request 5 no actor
May 08 07:38:42 ip-172-31-35-142.eu-west-1.compute.internal dlm_controld[14899]: 2327 fence status 4 receive -1 from 2 walltime 1778225922 local 2327
May 08 07:38:42 ip-172-31-35-142.eu-west-1.compute.internal dlm_controld[14899]: 2327 fence request 5 no actor
May 08 07:38:43 ip-172-31-35-142.eu-west-1.compute.internal dlm_controld[14899]: 2328 fence status 4 receive -1 from 3 walltime 1778225923 local 2328
May 08 07:38:43 ip-172-31-35-142.eu-west-1.compute.internal dlm_controld[14899]: 2328 fence request 4 pid 344 nodedown time 1778225664 fence_all dlm_stonith
May 08 07:38:44 ip-172-31-35-142.eu-west-1.compute.internal dlm_controld[14899]: 2329 fence result 4 pid 344 result -1 term signal 6
May 08 07:38:44 ip-172-31-35-142.eu-west-1.compute.internal dlm_controld[14899]: 2329 fence status 4 receive -1 from 1 walltime 1778225924 local 2329
May 08 07:38:44 ip-172-31-35-142.eu-west-1.compute.internal dlm_controld[14899]: 2329 fence request 5 no actor
May 08 07:38:45 ip-172-31-35-142.eu-west-1.compute.internal dlm_controld[14899]: 2330 fence status 4 receive -1 from 2 walltime 1778225925 local 2330
May 08 07:38:45 ip-172-31-35-142.eu-west-1.compute.internal dlm_controld[14899]: 2330 fence request 5 no actor
May 08 07:38:46 ip-172-31-35-142.eu-west-1.compute.internal dlm_controld[14899]: 2331 fence status 4 receive -1 from 3 walltime 1778225926 local 2331
May 08 07:38:46 ip-172-31-35-142.eu-west-1.compute.internal dlm_controld[14899]: 2331 fence request 4 pid 420 nodedown time 1778225664 fence_all dlm_stonith
May 08 07:38:47 ip-172-31-35-142.eu-west-1.compute.internal dlm_controld[14899]: 2332 fence result 4 pid 420 result -1 term signal 6
May 08 07:38:47 ip-172-31-35-142.eu-west-1.compute.internal dlm_controld[14899]: 2332 fence status 4 receive -1 from 1 walltime 1778225927 local 2332
May 08 07:38:47 ip-172-31-35-142.eu-west-1.compute.internal dlm_controld[14899]: 2332 fence request 5 no actor
May 08 07:38:48 ip-172-31-35-142.eu-west-1.compute.internal dlm_controld[14899]: 2333 fence status 4 receive -1 from 2 walltime 1778225928 local 2333
May 08 07:38:48 ip-172-31-35-142.eu-west-1.compute.internal dlm_controld[14899]: 2333 fence request 5 no actor
May 08 07:38:49 ip-172-31-35-142.eu-west-1.compute.internal dlm_controld[14899]: 2334 fence status 4 receive -1 from 3 walltime 1778225929 local 2334
May 08 07:38:49 ip-172-31-35-142.eu-west-1.compute.internal dlm_controld[14899]: 2334 fence request 4 pid 437 nodedown time 1778225664 fence_all dlm_stonith
May 08 07:38:50 ip-172-31-35-142.eu-west-1.compute.internal dlm_controld[14899]: 2335 fence result 4 pid 437 result -1 term signal 6
May 08 07:38:50 ip-172-31-35-142.eu-west-1.compute.internal dlm_controld[14899]: 2335 fence status 4 receive -1 from 1 walltime 1778225930 local 2335
May 08 07:38:50 ip-172-31-35-142.eu-west-1.compute.internal dlm_controld[14899]: 2335 fence request 5 no actor
May 08 07:38:51 ip-172-31-35-142.eu-west-1.compute.internal dlm_controld[14899]: 2336 fence status 4 receive -1 from 2 walltime 1778225931 local 2336
May 08 07:38:51 ip-172-31-35-142.eu-west-1.compute.internal dlm_controld[14899]: 2336 fence request 5 no actor
May 08 07:38:52 ip-172-31-35-142.eu-west-1.compute.internal dlm_controld[14899]: 2337 fence status 4 receive -1 from 3 walltime 1778225932 local 2337
May 08 07:38:52 ip-172-31-35-142.eu-west-1.compute.internal dlm_controld[14899]: 2337 fence request 4 pid 470 nodedown time 1778225664 fence_all dlm_stonith
May 08 07:38:53 ip-172-31-35-142.eu-west-1.compute.internal dlm_controld[14899]: 2338 fence result 4 pid 470 result -1 term signal 6
May 08 07:38:53 ip-172-31-35-142.eu-west-1.compute.internal dlm_controld[14899]: 2338 fence status 4 receive -1 from 1 walltime 1778225933 local 2338
May 08 07:38:53 ip-172-31-35-142.eu-west-1.compute.internal dlm_controld[14899]: 2338 fence request 5 no actor
May 08 07:38:54 ip-172-31-35-142.eu-west-1.compute.internal dlm_controld[14899]: 2339 fence status 4 receive -1 from 2 walltime 1778225934 local 2339
May 08 07:38:54 ip-172-31-35-142.eu-west-1.compute.internal dlm_controld[14899]: 2339 fence request 5 no actor
May 08 07:38:55 ip-172-31-35-142.eu-west-1.compute.internal dlm_controld[14899]: 2340 fence status 4 receive -1 from 3 walltime 1778225935 local 2340
May 08 07:38:55 ip-172-31-35-142.eu-west-1.compute.internal dlm_controld[14899]: 2340 fence request 4 pid 528 nodedown time 1778225664 fence_all dlm_stonith
May 08 07:38:56 ip-172-31-35-142.eu-west-1.compute.internal dlm_controld[14899]: 2341 fence result 4 pid 528 result -1 term signal 6
May 08 07:38:56 ip-172-31-35-142.eu-west-1.compute.internal dlm_controld[14899]: 2341 fence status 4 receive -1 from 1 walltime 1778225936 local 2341
May 08 07:38:56 ip-172-31-35-142.eu-west-1.compute.internal dlm_controld[14899]: 2341 fence request 5 no actor
May 08 07:38:57 ip-172-31-35-142.eu-west-1.compute.internal dlm_controld[14899]: 2342 fence status 4 receive -1 from 2 walltime 1778225937 local 2342
May 08 07:38:57 ip-172-31-35-142.eu-west-1.compute.internal dlm_controld[14899]: 2342 fence request 5 no actor
May 08 07:38:58 ip-172-31-35-142.eu-west-1.compute.internal dlm_controld[14899]: 2343 fence status 4 receive -1 from 3 walltime 1778225938 local 2343
May 08 07:38:58 ip-172-31-35-142.eu-west-1.compute.internal dlm_controld[14899]: 2343 fence request 4 pid 548 nodedown time 1778225664 fence_all dlm_stonith
May 08 07:38:59 ip-172-31-35-142.eu-west-1.compute.internal dlm_controld[14899]: 2344 fence result 4 pid 548 result -1 term signal 6
May 08 07:38:59 ip-172-31-35-142.eu-west-1.compute.internal dlm_controld[14899]: 2344 fence status 4 receive -1 from 1 walltime 1778225939 local 2344
May 08 07:38:59 ip-172-31-35-142.eu-west-1.compute.internal dlm_controld[14899]: 2344 fence request 5 no actor
May 08 07:39:00 ip-172-31-35-142.eu-west-1.compute.internal dlm_controld[14899]: 2345 fence status 4 receive -1 from 2 walltime 1778225940 local 2345
May 08 07:39:00 ip-172-31-35-142.eu-west-1.compute.internal dlm_controld[14899]: 2345 fence request 5 no actor
May 08 07:39:01 ip-172-31-35-142.eu-west-1.compute.internal dlm_controld[14899]: 2346 fence status 4 receive -1 from 3 walltime 1778225941 local 2346
May 08 07:39:01 ip-172-31-35-142.eu-west-1.compute.internal dlm_controld[14899]: 2346 fence request 4 pid 565 nodedown time 1778225664 fence_all dlm_stonith
May 08 07:39:02 ip-172-31-35-142.eu-west-1.compute.internal dlm_controld[14899]: 2347 fence result 4 pid 565 result -1 term signal 6
May 08 07:39:02 ip-172-31-35-142.eu-west-1.compute.internal dlm_controld[14899]: 2347 fence status 4 receive -1 from 1 walltime 1778225942 local 2347
May 08 07:39:02 ip-172-31-35-142.eu-west-1.compute.internal dlm_controld[14899]: 2347 fence request 5 no actor
May 08 07:39:03 ip-172-31-35-142.eu-west-1.compute.internal dlm_controld[14899]: 2348 fence status 4 receive -1 from 2 walltime 1778225943 local 2348
May 08 07:39:03 ip-172-31-35-142.eu-west-1.compute.internal dlm_controld[14899]: 2348 fence request 5 no actor
May 08 07:39:04 ip-172-31-35-142.eu-west-1.compute.internal dlm_controld[14899]: 2349 fence status 4 receive -1 from 3 walltime 1778225944 local 2349
May 08 07:39:04 ip-172-31-35-142.eu-west-1.compute.internal dlm_controld[14899]: 2349 fence request 4 pid 623 nodedown time 1778225664 fence_all dlm_stonith
May 08 07:39:05 ip-172-31-35-142.eu-west-1.compute.internal dlm_controld[14899]: 2350 fence result 4 pid 623 result -1 term signal 6
May 08 07:39:05 ip-172-31-35-142.eu-west-1.compute.internal dlm_controld[14899]: 2350 fence status 4 receive -1 from 1 walltime 1778225945 local 2350
May 08 07:39:05 ip-172-31-35-142.eu-west-1.compute.internal dlm_controld[14899]: 2350 fence request 5 no actor
May 08 07:39:06 ip-172-31-35-142.eu-west-1.compute.internal dlm_controld[14899]: 2351 fence status 4 receive -1 from 2 walltime 1778225946 local 2351
May 08 07:39:06 ip-172-31-35-142.eu-west-1.compute.internal dlm_controld[14899]: 2351 fence request 5 no actor
May 08 07:39:07 ip-172-31-35-142.eu-west-1.compute.internal dlm_controld[14899]: 2352 fence status 4 receive -1 from 3 walltime 1778225947 local 2352
May 08 07:39:07 ip-172-31-35-142.eu-west-1.compute.internal dlm_controld[14899]: 2352 fence request 4 pid 641 nodedown time 1778225664 fence_all dlm_stonith
May 08 07:39:08 ip-172-31-35-142.eu-west-1.compute.internal dlm_controld[14899]: 2353 fence result 4 pid 641 result -1 term signal 6
May 08 07:39:08 ip-172-31-35-142.eu-west-1.compute.internal dlm_controld[14899]: 2353 fence status 4 receive -1 from 1 walltime 1778225948 local 2353
May 08 07:39:08 ip-172-31-35-142.eu-west-1.compute.internal dlm_controld[14899]: 2353 fence request 5 no actor
May 08 07:39:09 ip-172-31-35-142.eu-west-1.compute.internal dlm_controld[14899]: 2354 fence status 4 receive -1 from 2 walltime 1778225949 local 2354
May 08 07:39:09 ip-172-31-35-142.eu-west-1.compute.internal dlm_controld[14899]: 2354 fence request 5 no actor
May 08 07:39:10 ip-172-31-35-142.eu-west-1.compute.internal dlm_controld[14899]: 2355 fence status 4 receive -1 from 3 walltime 1778225950 local 2355
May 08 07:39:10 ip-172-31-35-142.eu-west-1.compute.internal dlm_controld[14899]: 2355 fence request 4 pid 658 nodedown time 1778225664 fence_all dlm_stonith
May 08 07:39:11 ip-172-31-35-142.eu-west-1.compute.internal dlm_controld[14899]: 2356 fence result 4 pid 658 result -1 term signal 6
May 08 07:39:11 ip-172-31-35-142.eu-west-1.compute.internal dlm_controld[14899]: 2356 fence status 4 receive -1 from 1 walltime 1778225951 local 2356
May 08 07:39:11 ip-172-31-35-142.eu-west-1.compute.internal dlm_controld[14899]: 2356 fence request 5 no actor
May 08 07:39:12 ip-172-31-35-142.eu-west-1.compute.internal dlm_controld[14899]: 2357 fence status 4 receive -1 from 2 walltime 1778225952 local 2357
May 08 07:39:12 ip-172-31-35-142.eu-west-1.compute.internal dlm_controld[14899]: 2357 fence request 5 no actor
May 08 07:39:13 ip-172-31-35-142.eu-west-1.compute.internal stonith-ng[7465]:   notice: fence_aws_off_1:30069:stderr [ /usr/lib/python3.7/site-packages/boto3/compat.py:82: PythonDeprecationWarning: Boto3 will no longer support Python 3.7 starting December 13, 2023. To continue receiving service updates, bug fixes, and security updates please upgrade to Python 3.8 or later. More information can be found here: https://aws.amazon.com/blogs/developer/python-support-policy-updates-for-aws-sdks-and-tools/ ]
May 08 07:39:13 ip-172-31-35-142.eu-west-1.compute.internal stonith-ng[7465]:   notice: fence_aws_off_1:30069:stderr [   warnings.warn(warning, PythonDeprecationWarning) ]
May 08 07:39:13 ip-172-31-35-142.eu-west-1.compute.internal stonith-ng[7465]:   notice: fence_aws_off_1:30069:stderr [ 2026-05-08 07:34:24,789 WARNING: SkipOsShutdown not supported with the current boto3 version 1.33.13 - falling back to graceful shutdown ]
May 08 07:39:13 ip-172-31-35-142.eu-west-1.compute.internal stonith-ng[7465]:  warning: fence_aws[30069] stderr: [ /usr/lib/python3.7/site-packages/boto3/compat.py:82: PythonDeprecationWarning: Boto3 will no longer support Python 3.7 starting December 13, 2023. To continue receiving service updates, bug fixes, and security updates please upgrade to Python 3.8 or later. More information can be found here: https://aws.amazon.com/blogs/developer/python-support-policy-updates-for-aws-sdks-and-tools/ ]
May 08 07:39:13 ip-172-31-35-142.eu-west-1.compute.internal stonith-ng[7465]:  warning: fence_aws[30069] stderr: [   warnings.warn(warning, PythonDeprecationWarning) ]
May 08 07:39:13 ip-172-31-35-142.eu-west-1.compute.internal stonith-ng[7465]:  warning: fence_aws[30069] stderr: [ 2026-05-08 07:34:24,789 WARNING: SkipOsShutdown not supported with the current boto3 version 1.33.13 - falling back to graceful shutdown ]
May 08 07:39:13 ip-172-31-35-142.eu-west-1.compute.internal stonith-ng[7465]:   notice: Operation 'off' [30069] (call 2 from crmd.7469) for host 'ma-host-4' with device 'clusterfence' returned: 0 (OK)
May 08 07:39:13 ip-172-31-35-142.eu-west-1.compute.internal stonith-ng[7465]:   notice: Operation 'off' targeting ma-host-4 on ma-host-1 for crmd.7469@ma-host-1.1aec4b12: OK
May 08 07:39:13 ip-172-31-35-142.eu-west-1.compute.internal crmd[7469]:   notice: Stonith operation 2/1:0:0:266d3db4-7d84-4475-9496-17473fcb733d: OK (0)
May 08 07:39:13 ip-172-31-35-142.eu-west-1.compute.internal crmd[7469]:   notice: Transition 0 (Complete=10, Pending=0, Fired=0, Skipped=0, Incomplete=0, Source=/var/lib/pacemaker/pengine/pe-warn-0.bz2): Complete
May 08 07:39:13 ip-172-31-35-142.eu-west-1.compute.internal crmd[7469]:   notice: State transition S_TRANSITION_ENGINE -> S_IDLE
May 08 07:39:13 ip-172-31-35-142.eu-west-1.compute.internal crmd[7469]:   notice: Peer ma-host-4 was terminated (off) by ma-host-1 on behalf of crmd.7469: OK
May 08 07:39:13 ip-172-31-35-142.eu-west-1.compute.internal dlm_controld[14899]: 2358 fence status 4 receive -1 from 3 walltime 1778225953 local 2358
May 08 07:39:13 ip-172-31-35-142.eu-west-1.compute.internal dlm_controld[14899]: 2358 fence request 4 pid 678 nodedown time 1778225664 fence_all dlm_stonith
May 08 07:39:13 ip-172-31-35-142.eu-west-1.compute.internal stonith-ng[7465]:   notice: fence_aws_monitor_1:669:stderr [ /usr/lib/python3.7/site-packages/boto3/compat.py:82: PythonDeprecationWarning: Boto3 will no longer support Python 3.7 starting December 13, 2023. To continue receiving service updates, bug fixes, and security updates please upgrade to Python 3.8 or later. More information can be found here: https://aws.amazon.com/blogs/developer/python-support-policy-updates-for-aws-sdks-and-tools/ ]
May 08 07:39:13 ip-172-31-35-142.eu-west-1.compute.internal stonith-ng[7465]:   notice: fence_aws_monitor_1:669:stderr [   warnings.warn(warning, PythonDeprecationWarning) ]
May 08 07:39:13 ip-172-31-35-142.eu-west-1.compute.internal stonith-ng[7465]:  warning: fence_aws[669] stderr: [ /usr/lib/python3.7/site-packages/boto3/compat.py:82: PythonDeprecationWarning: Boto3 will no longer support Python 3.7 starting December 13, 2023. To continue receiving service updates, bug fixes, and security updates please upgrade to Python 3.8 or later. More information can be found here: https://aws.amazon.com/blogs/developer/python-support-policy-updates-for-aws-sdks-and-tools/ ]
May 08 07:39:13 ip-172-31-35-142.eu-west-1.compute.internal stonith-ng[7465]:  warning: fence_aws[669] stderr: [   warnings.warn(warning, PythonDeprecationWarning) ]
May 08 07:39:14 ip-172-31-35-142.eu-west-1.compute.internal dlm_controld[14899]: 2359 fence result 4 pid 678 result -1 term signal 6
May 08 07:39:14 ip-172-31-35-142.eu-west-1.compute.internal dlm_controld[14899]: 2359 fence status 4 receive -1 from 1 walltime 1778225954 local 2359
May 08 07:39:14 ip-172-31-35-142.eu-west-1.compute.internal dlm_controld[14899]: 2359 fence request 5 no actor
May 08 07:39:15 ip-172-31-35-142.eu-west-1.compute.internal dlm_controld[14899]: 2360 fence status 4 receive -1 from 2 walltime 1778225955 local 2360
May 08 07:39:15 ip-172-31-35-142.eu-west-1.compute.internal dlm_controld[14899]: 2360 fence request 5 no actor
May 08 07:39:16 ip-172-31-35-142.eu-west-1.compute.internal dlm_controld[14899]: 2361 fence status 4 receive -1 from 3 walltime 1778225956 local 2361
May 08 07:39:16 ip-172-31-35-142.eu-west-1.compute.internal dlm_controld[14899]: 2361 fence request 4 pid 750 nodedown time 1778225664 fence_all dlm_stonith
May 08 07:39:17 ip-172-31-35-142.eu-west-1.compute.internal dlm_controld[14899]: 2362 fence result 4 pid 750 result -1 term signal 6
May 08 07:39:17 ip-172-31-35-142.eu-west-1.compute.internal dlm_controld[14899]: 2362 fence status 4 receive -1 from 1 walltime 1778225957 local 2362
May 08 07:39:17 ip-172-31-35-142.eu-west-1.compute.internal dlm_controld[14899]: 2362 fence request 5 no actor
May 08 07:39:18 ip-172-31-35-142.eu-west-1.compute.internal dlm_controld[14899]: 2363 fence status 4 receive -1 from 2 walltime 1778225958 local 2363
May 08 07:39:18 ip-172-31-35-142.eu-west-1.compute.internal dlm_controld[14899]: 2363 fence request 5 no actor
May 08 07:39:19 ip-172-31-35-142.eu-west-1.compute.internal dlm_controld[14899]: 2364 fence status 4 receive -1 from 3 walltime 1778225959 local 2364
May 08 07:39:19 ip-172-31-35-142.eu-west-1.compute.internal dlm_controld[14899]: 2364 fence request 4 pid 769 nodedown time 1778225664 fence_all dlm_stonith
May 08 07:39:20 ip-172-31-35-142.eu-west-1.compute.internal dlm_controld[14899]: 2365 fence result 4 pid 769 result -1 term signal 6
May 08 07:39:20 ip-172-31-35-142.eu-west-1.compute.internal dlm_controld[14899]: 2365 fence status 4 receive -1 from 1 walltime 1778225960 local 2365
May 08 07:39:20 ip-172-31-35-142.eu-west-1.compute.internal dlm_controld[14899]: 2365 fence request 5 no actor
May 08 07:39:21 ip-172-31-35-142.eu-west-1.compute.internal dlm_controld[14899]: 2366 fence status 4 receive -1 from 2 walltime 1778225961 local 2366
May 08 07:39:21 ip-172-31-35-142.eu-west-1.compute.internal dlm_controld[14899]: 2366 fence request 5 no actor
May 08 07:39:22 ip-172-31-35-142.eu-west-1.compute.internal dlm_controld[14899]: 2367 fence status 4 receive -1 from 3 walltime 1778225962 local 2367
May 08 07:39:22 ip-172-31-35-142.eu-west-1.compute.internal dlm_controld[14899]: 2367 fence request 4 pid 803 nodedown time 1778225664 fence_all dlm_stonith
May 08 07:39:23 ip-172-31-35-142.eu-west-1.compute.internal dlm_controld[14899]: 2368 fence result 4 pid 803 result -1 term signal 6
May 08 07:39:23 ip-172-31-35-142.eu-west-1.compute.internal dlm_controld[14899]: 2368 fence status 4 receive -1 from 1 walltime 1778225963 local 2368
May 08 07:39:23 ip-172-31-35-142.eu-west-1.compute.internal dlm_controld[14899]: 2368 fence request 5 no actor
May 08 07:39:24 ip-172-31-35-142.eu-west-1.compute.internal dlm_controld[14899]: 2369 fence status 4 receive -1 from 2 walltime 1778225964 local 2369
May 08 07:39:24 ip-172-31-35-142.eu-west-1.compute.internal dlm_controld[14899]: 2369 fence request 5 no actor
May 08 07:39:25 ip-172-31-35-142.eu-west-1.compute.internal dlm_controld[14899]: 2370 fence status 4 receive -1 from 3 walltime 1778225965 local 2370
May 08 07:39:25 ip-172-31-35-142.eu-west-1.compute.internal dlm_controld[14899]: 2370 fence request 4 pid 862 nodedown time 1778225664 fence_all dlm_stonith
May 08 07:39:26 ip-172-31-35-142.eu-west-1.compute.internal dlm_controld[14899]: 2372 fence result 4 pid 862 result -1 term signal 6
May 08 07:39:26 ip-172-31-35-142.eu-west-1.compute.internal dlm_controld[14899]: 2372 fence status 4 receive -1 from 1 walltime 1778225966 local 2372
May 08 07:39:26 ip-172-31-35-142.eu-west-1.compute.internal dlm_controld[14899]: 2372 fence request 5 no actor
May 08 07:39:27 ip-172-31-35-142.eu-west-1.compute.internal dlm_controld[14899]: 2373 fence status 4 receive -1 from 2 walltime 1778225967 local 2373
May 08 07:39:27 ip-172-31-35-142.eu-west-1.compute.internal dlm_controld[14899]: 2373 fence request 5 no actor
May 08 07:39:28 ip-172-31-35-142.eu-west-1.compute.internal dlm_controld[14899]: 2374 fence status 4 receive -1 from 3 walltime 1778225968 local 2374
May 08 07:39:28 ip-172-31-35-142.eu-west-1.compute.internal dlm_controld[14899]: 2374 fence request 4 pid 879 nodedown time 1778225664 fence_all dlm_stonith
May 08 07:39:29 ip-172-31-35-142.eu-west-1.compute.internal dlm_controld[14899]: 2375 fence result 4 pid 879 result -1 term signal 6
May 08 07:39:29 ip-172-31-35-142.eu-west-1.compute.internal dlm_controld[14899]: 2375 fence status 4 receive -1 from 1 walltime 1778225969 local 2375
May 08 07:39:29 ip-172-31-35-142.eu-west-1.compute.internal dlm_controld[14899]: 2375 fence request 5 no actor
May 08 07:39:30 ip-172-31-35-142.eu-west-1.compute.internal dlm_controld[14899]: 2376 fence status 4 receive -1 from 2 walltime 1778225970 local 2376
May 08 07:39:30 ip-172-31-35-142.eu-west-1.compute.internal dlm_controld[14899]: 2376 fence request 5 no actor
May 08 07:39:31 ip-172-31-35-142.eu-west-1.compute.internal dlm_controld[14899]: 2377 fence status 4 receive -1 from 3 walltime 1778225971 local 2377
May 08 07:39:31 ip-172-31-35-142.eu-west-1.compute.internal dlm_controld[14899]: 2377 fence request 4 pid 896 nodedown time 1778225664 fence_all dlm_stonith
May 08 07:39:32 ip-172-31-35-142.eu-west-1.compute.internal dlm_controld[14899]: 2378 fence result 4 pid 896 result -1 term signal 6
May 08 07:39:32 ip-172-31-35-142.eu-west-1.compute.internal dlm_controld[14899]: 2378 fence status 4 receive -1 from 1 walltime 1778225972 local 2378
May 08 07:39:32 ip-172-31-35-142.eu-west-1.compute.internal dlm_controld[14899]: 2378 fence request 5 no actor
May 08 07:39:33 ip-172-31-35-142.eu-west-1.compute.internal dlm_controld[14899]: 2379 fence status 4 receive -1 from 2 walltime 1778225973 local 2379
May 08 07:39:33 ip-172-31-35-142.eu-west-1.compute.internal dlm_controld[14899]: 2379 fence request 5 no actor
May 08 07:39:34 ip-172-31-35-142.eu-west-1.compute.internal dlm_controld[14899]: 2380 fence status 4 receive -1 from 3 walltime 1778225974 local 2380
May 08 07:39:34 ip-172-31-35-142.eu-west-1.compute.internal dlm_controld[14899]: 2380 fence request 4 pid 954 nodedown time 1778225664 fence_all dlm_stonith
May 08 07:39:35 ip-172-31-35-142.eu-west-1.compute.internal dlm_controld[14899]: 2381 fence result 4 pid 954 result -1 term signal 6
May 08 07:39:35 ip-172-31-35-142.eu-west-1.compute.internal dlm_controld[14899]: 2381 fence status 4 receive -1 from 1 walltime 1778225975 local 2381
May 08 07:39:35 ip-172-31-35-142.eu-west-1.compute.internal dlm_controld[14899]: 2381 fence request 5 no actor
May 08 07:39:36 ip-172-31-35-142.eu-west-1.compute.internal dlm_controld[14899]: 2382 fence status 4 receive -1 from 2 walltime 1778225976 local 2382
May 08 07:39:36 ip-172-31-35-142.eu-west-1.compute.internal dlm_controld[14899]: 2382 fence request 5 no actor
May 08 07:39:37 ip-172-31-35-142.eu-west-1.compute.internal dlm_controld[14899]: 2383 fence status 4 receive -1 from 3 walltime 1778225977 local 2383
May 08 07:39:37 ip-172-31-35-142.eu-west-1.compute.internal dlm_controld[14899]: 2383 fence request 4 pid 971 nodedown time 1778225664 fence_all dlm_stonith
May 08 07:39:38 ip-172-31-35-142.eu-west-1.compute.internal dlm_controld[14899]: 2384 fence result 4 pid 971 result -1 term signal 6
May 08 07:39:38 ip-172-31-35-142.eu-west-1.compute.internal dlm_controld[14899]: 2384 fence status 4 receive -1 from 1 walltime 1778225978 local 2384
May 08 07:39:38 ip-172-31-35-142.eu-west-1.compute.internal dlm_controld[14899]: 2384 fence request 5 no actor
May 08 07:39:39 ip-172-31-35-142.eu-west-1.compute.internal dlm_controld[14899]: 2385 fence status 4 receive -1 from 2 walltime 1778225979 local 2385
May 08 07:39:39 ip-172-31-35-142.eu-west-1.compute.internal dlm_controld[14899]: 2385 fence request 5 no actor
May 08 07:39:40 ip-172-31-35-142.eu-west-1.compute.internal dlm_controld[14899]: 2386 fence status 4 receive -1 from 3 walltime 1778225980 local 2386
May 08 07:39:40 ip-172-31-35-142.eu-west-1.compute.internal dlm_controld[14899]: 2386 fence request 4 pid 988 nodedown time 1778225664 fence_all dlm_stonith
May 08 07:39:41 ip-172-31-35-142.eu-west-1.compute.internal dlm_controld[14899]: 2387 fence result 4 pid 988 result -1 term signal 6
May 08 07:39:41 ip-172-31-35-142.eu-west-1.compute.internal dlm_controld[14899]: 2387 fence status 4 receive -1 from 1 walltime 1778225981 local 2387
May 08 07:39:41 ip-172-31-35-142.eu-west-1.compute.internal dlm_controld[14899]: 2387 fence request 5 no actor
May 08 07:39:42 ip-172-31-35-142.eu-west-1.compute.internal dlm_controld[14899]: 2388 fence status 4 receive -1 from 2 walltime 1778225982 local 2388
May 08 07:39:42 ip-172-31-35-142.eu-west-1.compute.internal dlm_controld[14899]: 2388 fence request 5 no actor
May 08 07:39:43 ip-172-31-35-142.eu-west-1.compute.internal dlm_controld[14899]: 2389 fence status 4 receive -1 from 3 walltime 1778225983 local 2389
May 08 07:39:43 ip-172-31-35-142.eu-west-1.compute.internal dlm_controld[14899]: 2389 fence request 4 pid 1006 nodedown time 1778225664 fence_all dlm_stonith
May 08 07:39:44 ip-172-31-35-142.eu-west-1.compute.internal dlm_controld[14899]: 2390 fence result 4 pid 1006 result -1 term signal 6
May 08 07:39:44 ip-172-31-35-142.eu-west-1.compute.internal dlm_controld[14899]: 2390 fence status 4 receive -1 from 1 walltime 1778225984 local 2390
May 08 07:39:44 ip-172-31-35-142.eu-west-1.compute.internal dlm_controld[14899]: 2390 fence request 5 no actor
May 08 07:39:45 ip-172-31-35-142.eu-west-1.compute.internal dlm_controld[14899]: 2391 fence status 4 receive -1 from 2 walltime 1778225985 local 2391
May 08 07:39:45 ip-172-31-35-142.eu-west-1.compute.internal dlm_controld[14899]: 2391 fence request 5 no actor
May 08 07:39:46 ip-172-31-35-142.eu-west-1.compute.internal dlm_controld[14899]: 2392 fence status 4 receive -1 from 3 walltime 1778225986 local 2392
May 08 07:39:46 ip-172-31-35-142.eu-west-1.compute.internal dlm_controld[14899]: 2392 fence request 4 pid 1085 nodedown time 1778225664 fence_all dlm_stonith
May 08 07:39:47 ip-172-31-35-142.eu-west-1.compute.internal dlm_controld[14899]: 2393 fence result 4 pid 1085 result -1 term signal 6
May 08 07:39:47 ip-172-31-35-142.eu-west-1.compute.internal dlm_controld[14899]: 2393 fence status 4 receive -1 from 1 walltime 1778225987 local 2393
May 08 07:39:47 ip-172-31-35-142.eu-west-1.compute.internal dlm_controld[14899]: 2393 fence request 5 no actor
May 08 07:39:48 ip-172-31-35-142.eu-west-1.compute.internal dlm_controld[14899]: 2394 fence status 4 receive -1 from 2 walltime 1778225988 local 2394
May 08 07:39:48 ip-172-31-35-142.eu-west-1.compute.internal dlm_controld[14899]: 2394 fence request 5 no actor
May 08 07:39:49 ip-172-31-35-142.eu-west-1.compute.internal dlm_controld[14899]: 2395 fence status 4 receive -1 from 3 walltime 1778225989 local 2395
May 08 07:39:49 ip-172-31-35-142.eu-west-1.compute.internal dlm_controld[14899]: 2395 fence request 4 pid 1102 nodedown time 1778225664 fence_all dlm_stonith
May 08 07:39:50 ip-172-31-35-142.eu-west-1.compute.internal dlm_controld[14899]: 2396 fence result 4 pid 1102 result -1 term signal 6
May 08 07:39:50 ip-172-31-35-142.eu-west-1.compute.internal dlm_controld[14899]: 2396 fence status 4 receive -1 from 1 walltime 1778225990 local 2396
May 08 07:39:50 ip-172-31-35-142.eu-west-1.compute.internal dlm_controld[14899]: 2396 fence request 5 no actor
May 08 07:39:51 ip-172-31-35-142.eu-west-1.compute.internal dlm_controld[14899]: 2397 fence status 4 receive -1 from 2 walltime 1778225991 local 2397
May 08 07:39:51 ip-172-31-35-142.eu-west-1.compute.internal dlm_controld[14899]: 2397 fence request 5 no actor
May 08 07:39:52 ip-172-31-35-142.eu-west-1.compute.internal dlm_controld[14899]: 2398 fence status 4 receive -1 from 3 walltime 1778225992 local 2398
May 08 07:39:52 ip-172-31-35-142.eu-west-1.compute.internal dlm_controld[14899]: 2398 fence request 4 pid 1135 nodedown time 1778225664 fence_all dlm_stonith
May 08 07:39:53 ip-172-31-35-142.eu-west-1.compute.internal dlm_controld[14899]: 2399 fence result 4 pid 1135 result -1 term signal 6
May 08 07:39:53 ip-172-31-35-142.eu-west-1.compute.internal dlm_controld[14899]: 2399 fence status 4 receive -1 from 1 walltime 1778225993 local 2399
May 08 07:39:53 ip-172-31-35-142.eu-west-1.compute.internal dlm_controld[14899]: 2399 fence request 5 no actor
May 08 07:39:54 ip-172-31-35-142.eu-west-1.compute.internal dlm_controld[14899]: 2400 fence status 4 receive -1 from 2 walltime 1778225994 local 2400
May 08 07:39:54 ip-172-31-35-142.eu-west-1.compute.internal dlm_controld[14899]: 2400 fence request 5 no actor
May 08 07:39:55 ip-172-31-35-142.eu-west-1.compute.internal dlm_controld[14899]: 2401 fence status 4 receive -1 from 3 walltime 1778225995 local 2401
May 08 07:39:55 ip-172-31-35-142.eu-west-1.compute.internal dlm_controld[14899]: 2401 fence request 4 pid 1215 nodedown time 1778225664 fence_all dlm_stonith
May 08 07:39:56 ip-172-31-35-142.eu-west-1.compute.internal dlm_controld[14899]: 2402 fence result 4 pid 1215 result -1 term signal 6
May 08 07:39:56 ip-172-31-35-142.eu-west-1.compute.internal dlm_controld[14899]: 2402 fence status 4 receive -1 from 1 walltime 1778225996 local 2402
May 08 07:39:56 ip-172-31-35-142.eu-west-1.compute.internal dlm_controld[14899]: 2402 fence request 5 no actor
May 08 07:39:57 ip-172-31-35-142.eu-west-1.compute.internal dlm_controld[14899]: 2403 fence status 4 receive -1 from 2 walltime 1778225997 local 2403
May 08 07:39:57 ip-172-31-35-142.eu-west-1.compute.internal dlm_controld[14899]: 2403 fence request 5 no actor
May 08 07:39:58 ip-172-31-35-142.eu-west-1.compute.internal dlm_controld[14899]: 2404 fence status 4 receive -1 from 3 walltime 1778225998 local 2404
May 08 07:39:58 ip-172-31-35-142.eu-west-1.compute.internal dlm_controld[14899]: 2404 fence request 4 pid 1240 nodedown time 1778225664 fence_all dlm_stonith
May 08 07:39:59 ip-172-31-35-142.eu-west-1.compute.internal dlm_controld[14899]: 2405 fence result 4 pid 1240 result -1 term signal 6
May 08 07:39:59 ip-172-31-35-142.eu-west-1.compute.internal dlm_controld[14899]: 2405 fence status 4 receive -1 from 1 walltime 1778225999 local 2405
May 08 07:39:59 ip-172-31-35-142.eu-west-1.compute.internal dlm_controld[14899]: 2405 fence request 5 no actor
May 08 07:40:00 ip-172-31-35-142.eu-west-1.compute.internal dlm_controld[14899]: 2406 fence status 4 receive -1 from 2 walltime 1778226000 local 2406
May 08 07:40:00 ip-172-31-35-142.eu-west-1.compute.internal dlm_controld[14899]: 2406 fence request 5 no actor
May 08 07:40:01 ip-172-31-35-142.eu-west-1.compute.internal dlm_controld[14899]: 2407 fence status 4 receive -1 from 3 walltime 1778226001 local 2407
May 08 07:40:01 ip-172-31-35-142.eu-west-1.compute.internal dlm_controld[14899]: 2407 fence request 4 pid 1264 nodedown time 1778225664 fence_all dlm_stonith
May 08 07:40:02 ip-172-31-35-142.eu-west-1.compute.internal dlm_controld[14899]: 2408 fence result 4 pid 1264 result -1 term signal 6
May 08 07:40:02 ip-172-31-35-142.eu-west-1.compute.internal dlm_controld[14899]: 2408 fence status 4 receive -1 from 1 walltime 1778226002 local 2408
May 08 07:40:02 ip-172-31-35-142.eu-west-1.compute.internal dlm_controld[14899]: 2408 fence request 5 no actor
May 08 07:40:03 ip-172-31-35-142.eu-west-1.compute.internal dlm_controld[14899]: 2409 fence status 4 receive -1 from 2 walltime 1778226003 local 2409
May 08 07:40:03 ip-172-31-35-142.eu-west-1.compute.internal dlm_controld[14899]: 2409 fence request 5 no actor
May 08 07:40:04 ip-172-31-35-142.eu-west-1.compute.internal dlm_controld[14899]: 2410 fence status 4 receive -1 from 3 walltime 1778226004 local 2410
May 08 07:40:04 ip-172-31-35-142.eu-west-1.compute.internal dlm_controld[14899]: 2410 fence request 4 pid 1322 nodedown time 1778225664 fence_all dlm_stonith
May 08 07:40:05 ip-172-31-35-142.eu-west-1.compute.internal dlm_controld[14899]: 2411 fence result 4 pid 1322 result -1 term signal 6
May 08 07:40:05 ip-172-31-35-142.eu-west-1.compute.internal dlm_controld[14899]: 2411 fence status 4 receive -1 from 1 walltime 1778226005 local 2411
May 08 07:40:05 ip-172-31-35-142.eu-west-1.compute.internal dlm_controld[14899]: 2411 fence request 5 no actor
May 08 07:40:06 ip-172-31-35-142.eu-west-1.compute.internal dlm_controld[14899]: 2412 fence status 4 receive -1 from 2 walltime 1778226006 local 2412
May 08 07:40:06 ip-172-31-35-142.eu-west-1.compute.internal dlm_controld[14899]: 2412 fence request 5 no actor
May 08 07:40:07 ip-172-31-35-142.eu-west-1.compute.internal dlm_controld[14899]: 2413 fence status 4 receive -1 from 3 walltime 1778226007 local 2413
May 08 07:40:07 ip-172-31-35-142.eu-west-1.compute.internal dlm_controld[14899]: 2413 fence request 4 pid 1339 nodedown time 1778225664 fence_all dlm_stonith
May 08 07:40:08 ip-172-31-35-142.eu-west-1.compute.internal dlm_controld[14899]: 2414 fence result 4 pid 1339 result -1 term signal 6
May 08 07:40:08 ip-172-31-35-142.eu-west-1.compute.internal dlm_controld[14899]: 2414 fence status 4 receive -1 from 1 walltime 1778226008 local 2414
May 08 07:40:08 ip-172-31-35-142.eu-west-1.compute.internal dlm_controld[14899]: 2414 fence request 5 no actor
May 08 07:40:09 ip-172-31-35-142.eu-west-1.compute.internal dlm_controld[14899]: 2415 fence status 4 receive -1 from 2 walltime 1778226009 local 2415
May 08 07:40:09 ip-172-31-35-142.eu-west-1.compute.internal dlm_controld[14899]: 2415 fence request 5 no actor
May 08 07:40:10 ip-172-31-35-142.eu-west-1.compute.internal dlm_controld[14899]: 2416 fence status 4 receive -1 from 3 walltime 1778226010 local 2416
May 08 07:40:10 ip-172-31-35-142.eu-west-1.compute.internal dlm_controld[14899]: 2416 fence request 4 pid 1356 nodedown time 1778225664 fence_all dlm_stonith
May 08 07:40:11 ip-172-31-35-142.eu-west-1.compute.internal dlm_controld[14899]: 2417 fence result 4 pid 1356 result -1 term signal 6
May 08 07:40:11 ip-172-31-35-142.eu-west-1.compute.internal dlm_controld[14899]: 2417 fence status 4 receive -1 from 1 walltime 1778226011 local 2417
May 08 07:40:11 ip-172-31-35-142.eu-west-1.compute.internal dlm_controld[14899]: 2417 fence request 5 no actor
May 08 07:40:12 ip-172-31-35-142.eu-west-1.compute.internal dlm_controld[14899]: 2418 fence status 4 receive -1 from 2 walltime 1778226012 local 2418
May 08 07:40:12 ip-172-31-35-142.eu-west-1.compute.internal dlm_controld[14899]: 2418 fence request 5 no actor
May 08 07:40:13 ip-172-31-35-142.eu-west-1.compute.internal dlm_controld[14899]: 2419 fence status 4 receive -1 from 3 walltime 1778226013 local 2419
May 08 07:40:13 ip-172-31-35-142.eu-west-1.compute.internal dlm_controld[14899]: 2419 fence request 4 pid 1376 nodedown time 1778225664 fence_all dlm_stonith
May 08 07:40:14 ip-172-31-35-142.eu-west-1.compute.internal stonith-ng[7465]:   notice: fence_aws_monitor_1:1373:stderr [ /usr/lib/python3.7/site-packages/boto3/compat.py:82: PythonDeprecationWarning: Boto3 will no longer support Python 3.7 starting December 13, 2023. To continue receiving service updates, bug fixes, and security updates please upgrade to Python 3.8 or later. More information can be found here: https://aws.amazon.com/blogs/developer/python-support-policy-updates-for-aws-sdks-and-tools/ ]
May 08 07:40:14 ip-172-31-35-142.eu-west-1.compute.internal stonith-ng[7465]:   notice: fence_aws_monitor_1:1373:stderr [   warnings.warn(warning, PythonDeprecationWarning) ]
May 08 07:40:14 ip-172-31-35-142.eu-west-1.compute.internal stonith-ng[7465]:  warning: fence_aws[1373] stderr: [ /usr/lib/python3.7/site-packages/boto3/compat.py:82: PythonDeprecationWarning: Boto3 will no longer support Python 3.7 starting December 13, 2023. To continue receiving service updates, bug fixes, and security updates please upgrade to Python 3.8 or later. More information can be found here: https://aws.amazon.com/blogs/developer/python-support-policy-updates-for-aws-sdks-and-tools/ ]
May 08 07:40:14 ip-172-31-35-142.eu-west-1.compute.internal stonith-ng[7465]:  warning: fence_aws[1373] stderr: [   warnings.warn(warning, PythonDeprecationWarning) ]
May 08 07:40:15 ip-172-31-35-142.eu-west-1.compute.internal dlm_controld[14899]: 2420 fence result 4 pid 1376 result -1 term signal 6
May 08 07:40:15 ip-172-31-35-142.eu-west-1.compute.internal dlm_controld[14899]: 2420 fence status 4 receive -1 from 1 walltime 1778226015 local 2420
May 08 07:40:15 ip-172-31-35-142.eu-west-1.compute.internal dlm_controld[14899]: 2420 fence request 5 no actor
May 08 07:40:16 ip-172-31-35-142.eu-west-1.compute.internal dlm_controld[14899]: 2421 fence status 4 receive -1 from 2 walltime 1778226016 local 2421
May 08 07:40:16 ip-172-31-35-142.eu-west-1.compute.internal dlm_controld[14899]: 2421 fence request 5 no actor
May 08 07:40:17 ip-172-31-35-142.eu-west-1.compute.internal dlm_controld[14899]: 2422 fence status 4 receive -1 from 3 walltime 1778226017 local 2422
May 08 07:40:17 ip-172-31-35-142.eu-west-1.compute.internal dlm_controld[14899]: 2422 fence request 4 pid 1452 nodedown time 1778225664 fence_all dlm_stonith
May 08 07:40:18 ip-172-31-35-142.eu-west-1.compute.internal dlm_controld[14899]: 2423 fence result 4 pid 1452 result -1 term signal 6
May 08 07:40:18 ip-172-31-35-142.eu-west-1.compute.internal dlm_controld[14899]: 2423 fence status 4 receive -1 from 1 walltime 1778226018 local 2423
May 08 07:40:18 ip-172-31-35-142.eu-west-1.compute.internal dlm_controld[14899]: 2423 fence request 5 no actor
May 08 07:40:19 ip-172-31-35-142.eu-west-1.compute.internal dlm_controld[14899]: 2424 fence status 4 receive -1 from 2 walltime 1778226019 local 2424
May 08 07:40:19 ip-172-31-35-142.eu-west-1.compute.internal dlm_controld[14899]: 2424 fence request 5 no actor
May 08 07:40:20 ip-172-31-35-142.eu-west-1.compute.internal dlm_controld[14899]: 2425 fence status 4 receive -1 from 3 walltime 1778226020 local 2425
May 08 07:40:20 ip-172-31-35-142.eu-west-1.compute.internal dlm_controld[14899]: 2425 fence request 4 pid 1469 nodedown time 1778225664 fence_all dlm_stonith
May 08 07:40:21 ip-172-31-35-142.eu-west-1.compute.internal dlm_controld[14899]: 2426 fence result 4 pid 1469 result -1 term signal 6
May 08 07:40:21 ip-172-31-35-142.eu-west-1.compute.internal dlm_controld[14899]: 2426 fence status 4 receive -1 from 1 walltime 1778226021 local 2426
May 08 07:40:21 ip-172-31-35-142.eu-west-1.compute.internal dlm_controld[14899]: 2426 fence request 5 no actor
May 08 07:40:22 ip-172-31-35-142.eu-west-1.compute.internal dlm_controld[14899]: 2427 fence status 4 receive -1 from 2 walltime 1778226022 local 2427
May 08 07:40:22 ip-172-31-35-142.eu-west-1.compute.internal dlm_controld[14899]: 2427 fence request 5 no actor
May 08 07:40:23 ip-172-31-35-142.eu-west-1.compute.internal dlm_controld[14899]: 2428 fence status 4 receive -1 from 3 walltime 1778226023 local 2428
May 08 07:40:23 ip-172-31-35-142.eu-west-1.compute.internal dlm_controld[14899]: 2428 fence request 4 pid 1500 nodedown time 1778225664 fence_all dlm_stonith
May 08 07:40:24 ip-172-31-35-142.eu-west-1.compute.internal dlm_controld[14899]: 2429 fence result 4 pid 1500 result -1 term signal 6
May 08 07:40:24 ip-172-31-35-142.eu-west-1.compute.internal dlm_controld[14899]: 2429 fence status 4 receive -1 from 1 walltime 1778226024 local 2429
May 08 07:40:24 ip-172-31-35-142.eu-west-1.compute.internal dlm_controld[14899]: 2429 fence request 5 no actor
May 08 07:40:25 ip-172-31-35-142.eu-west-1.compute.internal dlm_controld[14899]: 2430 fence status 4 receive -1 from 2 walltime 1778226025 local 2430
May 08 07:40:25 ip-172-31-35-142.eu-west-1.compute.internal dlm_controld[14899]: 2430 fence request 5 no actor
May 08 07:40:26 ip-172-31-35-142.eu-west-1.compute.internal dlm_controld[14899]: 2431 fence status 4 receive -1 from 3 walltime 1778226026 local 2431
May 08 07:40:26 ip-172-31-35-142.eu-west-1.compute.internal dlm_controld[14899]: 2431 fence request 4 pid 1554 nodedown time 1778225664 fence_all dlm_stonith
May 08 07:40:27 ip-172-31-35-142.eu-west-1.compute.internal dlm_controld[14899]: 2432 fence result 4 pid 1554 result -1 term signal 6
May 08 07:40:27 ip-172-31-35-142.eu-west-1.compute.internal dlm_controld[14899]: 2432 fence status 4 receive -1 from 1 walltime 1778226027 local 2432
May 08 07:40:27 ip-172-31-35-142.eu-west-1.compute.internal dlm_controld[14899]: 2432 fence request 5 no actor
May 08 07:40:28 ip-172-31-35-142.eu-west-1.compute.internal dlm_controld[14899]: 2433 fence status 4 receive -1 from 2 walltime 1778226028 local 2433
May 08 07:40:28 ip-172-31-35-142.eu-west-1.compute.internal dlm_controld[14899]: 2433 fence request 5 no actor
May 08 07:40:29 ip-172-31-35-142.eu-west-1.compute.internal dlm_controld[14899]: 2434 fence status 4 receive -1 from 3 walltime 1778226029 local 2434
May 08 07:40:29 ip-172-31-35-142.eu-west-1.compute.internal dlm_controld[14899]: 2434 fence request 4 pid 1571 nodedown time 1778225664 fence_all dlm_stonith
May 08 07:40:30 ip-172-31-35-142.eu-west-1.compute.internal dlm_controld[14899]: 2435 fence result 4 pid 1571 result -1 term signal 6
May 08 07:40:30 ip-172-31-35-142.eu-west-1.compute.internal dlm_controld[14899]: 2435 fence status 4 receive -1 from 1 walltime 1778226030 local 2435
May 08 07:40:30 ip-172-31-35-142.eu-west-1.compute.internal dlm_controld[14899]: 2435 fence request 5 no actor
May 08 07:40:31 ip-172-31-35-142.eu-west-1.compute.internal dlm_controld[14899]: 2436 fence status 4 receive -1 from 2 walltime 1778226031 local 2436
May 08 07:40:31 ip-172-31-35-142.eu-west-1.compute.internal dlm_controld[14899]: 2436 fence request 5 no actor
May 08 07:40:32 ip-172-31-35-142.eu-west-1.compute.internal dlm_controld[14899]: 2437 fence status 4 receive -1 from 3 walltime 1778226032 local 2437
May 08 07:40:32 ip-172-31-35-142.eu-west-1.compute.internal dlm_controld[14899]: 2437 fence request 4 pid 1588 nodedown time 1778225664 fence_all dlm_stonith
May 08 07:40:33 ip-172-31-35-142.eu-west-1.compute.internal dlm_controld[14899]: 2438 fence result 4 pid 1588 result -1 term signal 6
May 08 07:40:33 ip-172-31-35-142.eu-west-1.compute.internal dlm_controld[14899]: 2438 fence status 4 receive -1 from 1 walltime 1778226033 local 2438
May 08 07:40:33 ip-172-31-35-142.eu-west-1.compute.internal dlm_controld[14899]: 2438 fence request 5 no actor
May 08 07:40:34 ip-172-31-35-142.eu-west-1.compute.internal dlm_controld[14899]: 2439 fence status 4 receive -1 from 2 walltime 1778226034 local 2439
May 08 07:40:34 ip-172-31-35-142.eu-west-1.compute.internal dlm_controld[14899]: 2439 fence request 5 no actor
May 08 07:40:35 ip-172-31-35-142.eu-west-1.compute.internal dlm_controld[14899]: 2440 fence status 4 receive -1 from 3 walltime 1778226035 local 2440
May 08 07:40:35 ip-172-31-35-142.eu-west-1.compute.internal dlm_controld[14899]: 2440 fence request 4 pid 1646 nodedown time 1778225664 fence_all dlm_stonith
May 08 07:40:36 ip-172-31-35-142.eu-west-1.compute.internal dlm_controld[14899]: 2441 fence result 4 pid 1646 result -1 term signal 6
May 08 07:40:36 ip-172-31-35-142.eu-west-1.compute.internal dlm_controld[14899]: 2441 fence status 4 receive -1 from 1 walltime 1778226036 local 2441
May 08 07:40:36 ip-172-31-35-142.eu-west-1.compute.internal dlm_controld[14899]: 2441 fence request 5 no actor
May 08 07:40:37 ip-172-31-35-142.eu-west-1.compute.internal dlm_controld[14899]: 2442 fence status 4 receive -1 from 2 walltime 1778226037 local 2442
May 08 07:40:37 ip-172-31-35-142.eu-west-1.compute.internal dlm_controld[14899]: 2442 fence request 5 no actor
May 08 07:40:38 ip-172-31-35-142.eu-west-1.compute.internal dlm_controld[14899]: 2443 fence status 4 receive -1 from 3 walltime 1778226038 local 2443
May 08 07:40:38 ip-172-31-35-142.eu-west-1.compute.internal dlm_controld[14899]: 2443 fence request 4 pid 1663 nodedown time 1778225664 fence_all dlm_stonith
May 08 07:40:39 ip-172-31-35-142.eu-west-1.compute.internal dlm_controld[14899]: 2444 fence result 4 pid 1663 result -1 term signal 6
May 08 07:40:39 ip-172-31-35-142.eu-west-1.compute.internal dlm_controld[14899]: 2444 fence status 4 receive -1 from 1 walltime 1778226039 local 2444
May 08 07:40:39 ip-172-31-35-142.eu-west-1.compute.internal dlm_controld[14899]: 2444 fence request 5 no actor
May 08 07:40:40 ip-172-31-35-142.eu-west-1.compute.internal dlm_controld[14899]: 2445 fence status 4 receive -1 from 2 walltime 1778226040 local 2445
May 08 07:40:40 ip-172-31-35-142.eu-west-1.compute.internal dlm_controld[14899]: 2445 fence request 5 no actor
May 08 07:40:41 ip-172-31-35-142.eu-west-1.compute.internal dlm_controld[14899]: 2446 fence status 4 receive -1 from 3 walltime 1778226041 local 2446
May 08 07:40:41 ip-172-31-35-142.eu-west-1.compute.internal dlm_controld[14899]: 2446 fence request 4 pid 1680 nodedown time 1778225664 fence_all dlm_stonith
May 08 07:40:42 ip-172-31-35-142.eu-west-1.compute.internal dlm_controld[14899]: 2447 fence result 4 pid 1680 result -1 term signal 6
May 08 07:40:42 ip-172-31-35-142.eu-west-1.compute.internal dlm_controld[14899]: 2447 fence status 4 receive -1 from 1 walltime 1778226042 local 2447
May 08 07:40:42 ip-172-31-35-142.eu-west-1.compute.internal dlm_controld[14899]: 2447 fence request 5 no actor
May 08 07:40:43 ip-172-31-35-142.eu-west-1.compute.internal dlm_controld[14899]: 2448 fence status 4 receive -1 from 2 walltime 1778226043 local 2448
May 08 07:40:43 ip-172-31-35-142.eu-west-1.compute.internal dlm_controld[14899]: 2448 fence request 5 no actor
May 08 07:40:44 ip-172-31-35-142.eu-west-1.compute.internal dlm_controld[14899]: 2449 fence status 4 receive -1 from 3 walltime 1778226044 local 2449
May 08 07:40:44 ip-172-31-35-142.eu-west-1.compute.internal dlm_controld[14899]: 2449 fence request 4 pid 1706 nodedown time 1778225664 fence_all dlm_stonith
May 08 07:40:45 ip-172-31-35-142.eu-west-1.compute.internal dlm_controld[14899]: 2450 fence result 4 pid 1706 result -1 term signal 6
May 08 07:40:45 ip-172-31-35-142.eu-west-1.compute.internal dlm_controld[14899]: 2450 fence status 4 receive -1 from 1 walltime 1778226045 local 2450
May 08 07:40:45 ip-172-31-35-142.eu-west-1.compute.internal dlm_controld[14899]: 2450 fence request 5 no actor
May 08 07:40:46 ip-172-31-35-142.eu-west-1.compute.internal dlm_controld[14899]: 2451 fence status 4 receive -1 from 2 walltime 1778226046 local 2451
May 08 07:40:46 ip-172-31-35-142.eu-west-1.compute.internal dlm_controld[14899]: 2451 fence request 5 no actor
May 08 07:40:47 ip-172-31-35-142.eu-west-1.compute.internal dlm_controld[14899]: 2452 fence status 4 receive -1 from 3 walltime 1778226047 local 2452
May 08 07:40:47 ip-172-31-35-142.eu-west-1.compute.internal dlm_controld[14899]: 2452 fence request 4 pid 1784 nodedown time 1778225664 fence_all dlm_stonith
May 08 07:40:48 ip-172-31-35-142.eu-west-1.compute.internal dlm_controld[14899]: 2453 fence result 4 pid 1784 result -1 term signal 6
May 08 07:40:48 ip-172-31-35-142.eu-west-1.compute.internal dlm_controld[14899]: 2453 fence status 4 receive -1 from 1 walltime 1778226048 local 2453
May 08 07:40:48 ip-172-31-35-142.eu-west-1.compute.internal dlm_controld[14899]: 2453 fence request 5 no actor
May 08 07:40:49 ip-172-31-35-142.eu-west-1.compute.internal dlm_controld[14899]: 2454 fence status 4 receive -1 from 2 walltime 1778226049 local 2454
May 08 07:40:49 ip-172-31-35-142.eu-west-1.compute.internal dlm_controld[14899]: 2454 fence request 5 no actor
May 08 07:40:50 ip-172-31-35-142.eu-west-1.compute.internal dlm_controld[14899]: 2455 fence status 4 receive -1 from 3 walltime 1778226050 local 2455
May 08 07:40:50 ip-172-31-35-142.eu-west-1.compute.internal dlm_controld[14899]: 2455 fence request 4 pid 1803 nodedown time 1778225664 fence_all dlm_stonith
May 08 07:40:51 ip-172-31-35-142.eu-west-1.compute.internal dlm_controld[14899]: 2456 fence result 4 pid 1803 result -1 term signal 6
May 08 07:40:51 ip-172-31-35-142.eu-west-1.compute.internal dlm_controld[14899]: 2456 fence status 4 receive -1 from 1 walltime 1778226051 local 2456
May 08 07:40:51 ip-172-31-35-142.eu-west-1.compute.internal dlm_controld[14899]: 2456 fence request 5 no actor
May 08 07:40:52 ip-172-31-35-142.eu-west-1.compute.internal dlm_controld[14899]: 2457 fence status 4 receive -1 from 2 walltime 1778226052 local 2457
May 08 07:40:52 ip-172-31-35-142.eu-west-1.compute.internal dlm_controld[14899]: 2457 fence request 5 no actor
May 08 07:40:53 ip-172-31-35-142.eu-west-1.compute.internal dlm_controld[14899]: 2458 fence status 4 receive -1 from 3 walltime 1778226053 local 2458
May 08 07:40:53 ip-172-31-35-142.eu-west-1.compute.internal dlm_controld[14899]: 2458 fence request 4 pid 1837 nodedown time 1778225664 fence_all dlm_stonith
May 08 07:40:54 ip-172-31-35-142.eu-west-1.compute.internal dlm_controld[14899]: 2459 fence result 4 pid 1837 result -1 term signal 6
May 08 07:40:54 ip-172-31-35-142.eu-west-1.compute.internal dlm_controld[14899]: 2459 fence status 4 receive -1 from 1 walltime 1778226054 local 2459
May 08 07:40:54 ip-172-31-35-142.eu-west-1.compute.internal dlm_controld[14899]: 2459 fence request 5 no actor
May 08 07:40:55 ip-172-31-35-142.eu-west-1.compute.internal dlm_controld[14899]: 2460 fence status 4 receive -1 from 2 walltime 1778226055 local 2460
May 08 07:40:55 ip-172-31-35-142.eu-west-1.compute.internal dlm_controld[14899]: 2460 fence request 5 no actor
May 08 07:40:56 ip-172-31-35-142.eu-west-1.compute.internal dlm_controld[14899]: 2461 fence status 4 receive -1 from 3 walltime 1778226056 local 2461
May 08 07:40:56 ip-172-31-35-142.eu-west-1.compute.internal dlm_controld[14899]: 2461 fence request 4 pid 1895 nodedown time 1778225664 fence_all dlm_stonith
May 08 07:40:57 ip-172-31-35-142.eu-west-1.compute.internal dlm_controld[14899]: 2462 fence result 4 pid 1895 result -1 term signal 6
May 08 07:40:57 ip-172-31-35-142.eu-west-1.compute.internal dlm_controld[14899]: 2462 fence status 4 receive -1 from 1 walltime 1778226057 local 2462
May 08 07:40:57 ip-172-31-35-142.eu-west-1.compute.internal dlm_controld[14899]: 2462 fence request 5 no actor
May 08 07:40:58 ip-172-31-35-142.eu-west-1.compute.internal dlm_controld[14899]: 2463 fence status 4 receive -1 from 2 walltime 1778226058 local 2463
May 08 07:40:58 ip-172-31-35-142.eu-west-1.compute.internal dlm_controld[14899]: 2463 fence request 5 no actor
May 08 07:40:59 ip-172-31-35-142.eu-west-1.compute.internal dlm_controld[14899]: 2464 fence status 4 receive -1 from 3 walltime 1778226059 local 2464
May 08 07:40:59 ip-172-31-35-142.eu-west-1.compute.internal dlm_controld[14899]: 2464 fence request 4 pid 1912 nodedown time 1778225664 fence_all dlm_stonith
May 08 07:41:00 ip-172-31-35-142.eu-west-1.compute.internal dlm_controld[14899]: 2465 fence result 4 pid 1912 result -1 term signal 6
May 08 07:41:00 ip-172-31-35-142.eu-west-1.compute.internal dlm_controld[14899]: 2465 fence status 4 receive -1 from 1 walltime 1778226060 local 2465
May 08 07:41:00 ip-172-31-35-142.eu-west-1.compute.internal dlm_controld[14899]: 2465 fence request 5 no actor
May 08 07:41:01 ip-172-31-35-142.eu-west-1.compute.internal dlm_controld[14899]: 2466 fence status 4 receive -1 from 2 walltime 1778226061 local 2466
May 08 07:41:01 ip-172-31-35-142.eu-west-1.compute.internal dlm_controld[14899]: 2466 fence request 5 no actor
May 08 07:41:02 ip-172-31-35-142.eu-west-1.compute.internal dlm_controld[14899]: 2467 fence status 4 receive -1 from 3 walltime 1778226062 local 2467
May 08 07:41:02 ip-172-31-35-142.eu-west-1.compute.internal dlm_controld[14899]: 2467 fence request 4 pid 1931 nodedown time 1778225664 fence_all dlm_stonith
May 08 07:41:03 ip-172-31-35-142.eu-west-1.compute.internal dlm_controld[14899]: 2468 fence result 4 pid 1931 result -1 term signal 6
May 08 07:41:03 ip-172-31-35-142.eu-west-1.compute.internal dlm_controld[14899]: 2468 fence status 4 receive -1 from 1 walltime 1778226063 local 2468
May 08 07:41:03 ip-172-31-35-142.eu-west-1.compute.internal dlm_controld[14899]: 2468 fence request 5 no actor
May 08 07:41:04 ip-172-31-35-142.eu-west-1.compute.internal dlm_controld[14899]: 2469 fence status 4 receive -1 from 2 walltime 1778226064 local 2469
May 08 07:41:04 ip-172-31-35-142.eu-west-1.compute.internal dlm_controld[14899]: 2469 fence request 5 no actor
May 08 07:41:05 ip-172-31-35-142.eu-west-1.compute.internal dlm_controld[14899]: 2470 fence status 4 receive -1 from 3 walltime 1778226065 local 2470
May 08 07:41:05 ip-172-31-35-142.eu-west-1.compute.internal dlm_controld[14899]: 2470 fence request 4 pid 1989 nodedown time 1778225664 fence_all dlm_stonith
May 08 07:41:06 ip-172-31-35-142.eu-west-1.compute.internal dlm_controld[14899]: 2471 fence result 4 pid 1989 result -1 term signal 6
May 08 07:41:06 ip-172-31-35-142.eu-west-1.compute.internal dlm_controld[14899]: 2471 fence status 4 receive -1 from 1 walltime 1778226066 local 2471
May 08 07:41:06 ip-172-31-35-142.eu-west-1.compute.internal dlm_controld[14899]: 2471 fence request 5 no actor
May 08 07:41:07 ip-172-31-35-142.eu-west-1.compute.internal dlm_controld[14899]: 2472 fence status 4 receive -1 from 2 walltime 1778226067 local 2472
May 08 07:41:07 ip-172-31-35-142.eu-west-1.compute.internal dlm_controld[14899]: 2472 fence request 5 no actor
May 08 07:41:08 ip-172-31-35-142.eu-west-1.compute.internal dlm_controld[14899]: 2473 fence status 4 receive -1 from 3 walltime 1778226068 local 2473
May 08 07:41:08 ip-172-31-35-142.eu-west-1.compute.internal dlm_controld[14899]: 2473 fence request 4 pid 2006 nodedown time 1778225664 fence_all dlm_stonith
May 08 07:41:09 ip-172-31-35-142.eu-west-1.compute.internal dlm_controld[14899]: 2474 fence result 4 pid 2006 result -1 term signal 6
May 08 07:41:09 ip-172-31-35-142.eu-west-1.compute.internal dlm_controld[14899]: 2474 fence status 4 receive -1 from 1 walltime 1778226069 local 2474
May 08 07:41:09 ip-172-31-35-142.eu-west-1.compute.internal dlm_controld[14899]: 2474 fence request 5 no actor
May 08 07:41:10 ip-172-31-35-142.eu-west-1.compute.internal dlm_controld[14899]: 2475 fence status 4 receive -1 from 2 walltime 1778226070 local 2475
May 08 07:41:10 ip-172-31-35-142.eu-west-1.compute.internal dlm_controld[14899]: 2475 fence request 5 no actor
May 08 07:41:11 ip-172-31-35-142.eu-west-1.compute.internal dlm_controld[14899]: 2476 fence status 4 receive -1 from 3 walltime 1778226071 local 2476
May 08 07:41:11 ip-172-31-35-142.eu-west-1.compute.internal dlm_controld[14899]: 2476 fence request 4 pid 2023 nodedown time 1778225664 fence_all dlm_stonith
May 08 07:41:12 ip-172-31-35-142.eu-west-1.compute.internal dlm_controld[14899]: 2477 fence result 4 pid 2023 result -1 term signal 6
May 08 07:41:12 ip-172-31-35-142.eu-west-1.compute.internal dlm_controld[14899]: 2477 fence status 4 receive -1 from 1 walltime 1778226072 local 2477
May 08 07:41:12 ip-172-31-35-142.eu-west-1.compute.internal dlm_controld[14899]: 2477 fence request 5 no actor
May 08 07:41:13 ip-172-31-35-142.eu-west-1.compute.internal dlm_controld[14899]: 2478 fence status 4 receive -1 from 2 walltime 1778226073 local 2478
May 08 07:41:13 ip-172-31-35-142.eu-west-1.compute.internal dlm_controld[14899]: 2478 fence request 5 no actor
May 08 07:41:14 ip-172-31-35-142.eu-west-1.compute.internal dlm_controld[14899]: 2479 fence status 4 receive -1 from 3 walltime 1778226074 local 2479
May 08 07:41:14 ip-172-31-35-142.eu-west-1.compute.internal dlm_controld[14899]: 2479 fence request 4 pid 2059 nodedown time 1778225664 fence_all dlm_stonith
May 08 07:41:14 ip-172-31-35-142.eu-west-1.compute.internal stonith-ng[7465]:   notice: fence_aws_monitor_1:2040:stderr [ /usr/lib/python3.7/site-packages/boto3/compat.py:82: PythonDeprecationWarning: Boto3 will no longer support Python 3.7 starting December 13, 2023. To continue receiving service updates, bug fixes, and security updates please upgrade to Python 3.8 or later. More information can be found here: https://aws.amazon.com/blogs/developer/python-support-policy-updates-for-aws-sdks-and-tools/ ]
May 08 07:41:14 ip-172-31-35-142.eu-west-1.compute.internal stonith-ng[7465]:   notice: fence_aws_monitor_1:2040:stderr [   warnings.warn(warning, PythonDeprecationWarning) ]
May 08 07:41:14 ip-172-31-35-142.eu-west-1.compute.internal stonith-ng[7465]:  warning: fence_aws[2040] stderr: [ /usr/lib/python3.7/site-packages/boto3/compat.py:82: PythonDeprecationWarning: Boto3 will no longer support Python 3.7 starting December 13, 2023. To continue receiving service updates, bug fixes, and security updates please upgrade to Python 3.8 or later. More information can be found here: https://aws.amazon.com/blogs/developer/python-support-policy-updates-for-aws-sdks-and-tools/ ]
May 08 07:41:14 ip-172-31-35-142.eu-west-1.compute.internal stonith-ng[7465]:  warning: fence_aws[2040] stderr: [   warnings.warn(warning, PythonDeprecationWarning) ]
May 08 07:41:15 ip-172-31-35-142.eu-west-1.compute.internal dlm_controld[14899]: 2480 fence result 4 pid 2059 result -1 term signal 6
May 08 07:41:15 ip-172-31-35-142.eu-west-1.compute.internal dlm_controld[14899]: 2480 fence status 4 receive -1 from 1 walltime 1778226075 local 2480
May 08 07:41:15 ip-172-31-35-142.eu-west-1.compute.internal dlm_controld[14899]: 2480 fence request 5 no actor
May 08 07:41:16 ip-172-31-35-142.eu-west-1.compute.internal dlm_controld[14899]: 2481 fence status 4 receive -1 from 2 walltime 1778226076 local 2481
May 08 07:41:16 ip-172-31-35-142.eu-west-1.compute.internal dlm_controld[14899]: 2481 fence request 5 no actor
May 08 07:41:17 ip-172-31-35-142.eu-west-1.compute.internal dlm_controld[14899]: 2482 fence status 4 receive -1 from 3 walltime 1778226077 local 2482
May 08 07:41:17 ip-172-31-35-142.eu-west-1.compute.internal dlm_controld[14899]: 2482 fence request 4 pid 2119 nodedown time 1778225664 fence_all dlm_stonith
May 08 07:41:18 ip-172-31-35-142.eu-west-1.compute.internal dlm_controld[14899]: 2483 fence result 4 pid 2119 result -1 term signal 6
May 08 07:41:18 ip-172-31-35-142.eu-west-1.compute.internal dlm_controld[14899]: 2483 fence status 4 receive -1 from 1 walltime 1778226078 local 2483
May 08 07:41:18 ip-172-31-35-142.eu-west-1.compute.internal dlm_controld[14899]: 2483 fence request 5 no actor
May 08 07:41:19 ip-172-31-35-142.eu-west-1.compute.internal dlm_controld[14899]: 2484 fence status 4 receive -1 from 2 walltime 1778226079 local 2484
May 08 07:41:19 ip-172-31-35-142.eu-west-1.compute.internal dlm_controld[14899]: 2484 fence request 5 no actor
May 08 07:41:20 ip-172-31-35-142.eu-west-1.compute.internal dlm_controld[14899]: 2485 fence status 4 receive -1 from 3 walltime 1778226080 local 2485
May 08 07:41:20 ip-172-31-35-142.eu-west-1.compute.internal dlm_controld[14899]: 2485 fence request 4 pid 2136 nodedown time 1778225664 fence_all dlm_stonith
May 08 07:41:21 ip-172-31-35-142.eu-west-1.compute.internal dlm_controld[14899]: 2486 fence result 4 pid 2136 result -1 term signal 6
May 08 07:41:21 ip-172-31-35-142.eu-west-1.compute.internal dlm_controld[14899]: 2486 fence status 4 receive -1 from 1 walltime 1778226081 local 2486
May 08 07:41:21 ip-172-31-35-142.eu-west-1.compute.internal dlm_controld[14899]: 2486 fence request 5 no actor
May 08 07:41:22 ip-172-31-35-142.eu-west-1.compute.internal dlm_controld[14899]: 2487 fence status 4 receive -1 from 2 walltime 1778226082 local 2487
May 08 07:41:22 ip-172-31-35-142.eu-west-1.compute.internal dlm_controld[14899]: 2487 fence request 5 no actor
May 08 07:41:23 ip-172-31-35-142.eu-west-1.compute.internal dlm_controld[14899]: 2488 fence status 4 receive -1 from 3 walltime 1778226083 local 2488
May 08 07:41:23 ip-172-31-35-142.eu-west-1.compute.internal dlm_controld[14899]: 2488 fence request 4 pid 2169 nodedown time 1778225664 fence_all dlm_stonith
May 08 07:41:24 ip-172-31-35-142.eu-west-1.compute.internal dlm_controld[14899]: 2489 fence result 4 pid 2169 result -1 term signal 6
May 08 07:41:24 ip-172-31-35-142.eu-west-1.compute.internal dlm_controld[14899]: 2489 fence status 4 receive -1 from 1 walltime 1778226084 local 2489
May 08 07:41:24 ip-172-31-35-142.eu-west-1.compute.internal dlm_controld[14899]: 2489 fence request 5 no actor
May 08 07:41:25 ip-172-31-35-142.eu-west-1.compute.internal dlm_controld[14899]: 2490 fence status 4 receive -1 from 2 walltime 1778226085 local 2490
May 08 07:41:25 ip-172-31-35-142.eu-west-1.compute.internal dlm_controld[14899]: 2490 fence request 5 no actor
May 08 07:41:26 ip-172-31-35-142.eu-west-1.compute.internal dlm_controld[14899]: 2491 fence status 4 receive -1 from 3 walltime 1778226086 local 2491
May 08 07:41:26 ip-172-31-35-142.eu-west-1.compute.internal dlm_controld[14899]: 2491 fence request 4 pid 2211 nodedown time 1778225664 fence_all dlm_stonith
May 08 07:41:27 ip-172-31-35-142.eu-west-1.compute.internal dlm_controld[14899]: 2492 fence result 4 pid 2211 result -1 term signal 6
May 08 07:41:27 ip-172-31-35-142.eu-west-1.compute.internal dlm_controld[14899]: 2492 fence status 4 receive -1 from 1 walltime 1778226087 local 2492
May 08 07:41:27 ip-172-31-35-142.eu-west-1.compute.internal dlm_controld[14899]: 2492 fence request 5 no actor
May 08 07:41:28 ip-172-31-35-142.eu-west-1.compute.internal dlm_controld[14899]: 2493 fence status 4 receive -1 from 2 walltime 1778226088 local 2493
May 08 07:41:28 ip-172-31-35-142.eu-west-1.compute.internal dlm_controld[14899]: 2493 fence request 5 no actor
May 08 07:41:29 ip-172-31-35-142.eu-west-1.compute.internal dlm_controld[14899]: 2494 fence status 4 receive -1 from 3 walltime 1778226089 local 2494
May 08 07:41:29 ip-172-31-35-142.eu-west-1.compute.internal dlm_controld[14899]: 2494 fence request 4 pid 2212 nodedown time 1778225664 fence_all dlm_stonith
May 08 07:41:30 ip-172-31-35-142.eu-west-1.compute.internal dlm_controld[14899]: 2495 fence result 4 pid 2212 result -1 term signal 6
May 08 07:41:30 ip-172-31-35-142.eu-west-1.compute.internal dlm_controld[14899]: 2495 fence status 4 receive -1 from 1 walltime 1778226090 local 2495
May 08 07:41:30 ip-172-31-35-142.eu-west-1.compute.internal dlm_controld[14899]: 2495 fence request 5 no actor
May 08 07:41:31 ip-172-31-35-142.eu-west-1.compute.internal dlm_controld[14899]: 2496 fence status 4 receive -1 from 2 walltime 1778226091 local 2496
May 08 07:41:31 ip-172-31-35-142.eu-west-1.compute.internal dlm_controld[14899]: 2496 fence request 5 no actor
May 08 07:41:32 ip-172-31-35-142.eu-west-1.compute.internal dlm_controld[14899]: 2497 fence status 4 receive -1 from 3 walltime 1778226092 local 2497
May 08 07:41:32 ip-172-31-35-142.eu-west-1.compute.internal dlm_controld[14899]: 2497 fence request 4 pid 2213 nodedown time 1778225664 fence_all dlm_stonith
May 08 07:41:33 ip-172-31-35-142.eu-west-1.compute.internal dlm_controld[14899]: 2498 fence result 4 pid 2213 result -1 term signal 6
May 08 07:41:33 ip-172-31-35-142.eu-west-1.compute.internal dlm_controld[14899]: 2498 fence status 4 receive -1 from 1 walltime 1778226093 local 2498
May 08 07:41:33 ip-172-31-35-142.eu-west-1.compute.internal dlm_controld[14899]: 2498 fence request 5 no actor
May 08 07:41:34 ip-172-31-35-142.eu-west-1.compute.internal dlm_controld[14899]: 2499 fence status 4 receive -1 from 2 walltime 1778226094 local 2499
May 08 07:41:34 ip-172-31-35-142.eu-west-1.compute.internal dlm_controld[14899]: 2499 fence request 5 no actor
May 08 07:41:35 ip-172-31-35-142.eu-west-1.compute.internal dlm_controld[14899]: 2500 fence status 4 receive -1 from 3 walltime 1778226095 local 2500
May 08 07:41:35 ip-172-31-35-142.eu-west-1.compute.internal dlm_controld[14899]: 2500 fence request 4 pid 2257 nodedown time 1778225664 fence_all dlm_stonith
May 08 07:41:36 ip-172-31-35-142.eu-west-1.compute.internal dlm_controld[14899]: 2501 fence result 4 pid 2257 result -1 term signal 6
May 08 07:41:36 ip-172-31-35-142.eu-west-1.compute.internal dlm_controld[14899]: 2501 fence status 4 receive -1 from 1 walltime 1778226096 local 2501
May 08 07:41:36 ip-172-31-35-142.eu-west-1.compute.internal dlm_controld[14899]: 2501 fence request 5 no actor
May 08 07:41:37 ip-172-31-35-142.eu-west-1.compute.internal dlm_controld[14899]: 2502 fence status 4 receive -1 from 2 walltime 1778226097 local 2502
May 08 07:41:37 ip-172-31-35-142.eu-west-1.compute.internal dlm_controld[14899]: 2502 fence request 5 no actor
May 08 07:41:38 ip-172-31-35-142.eu-west-1.compute.internal dlm_controld[14899]: 2503 fence status 4 receive -1 from 3 walltime 1778226098 local 2503
May 08 07:41:38 ip-172-31-35-142.eu-west-1.compute.internal dlm_controld[14899]: 2503 fence request 4 pid 2570 nodedown time 1778225664 fence_all dlm_stonith
May 08 07:41:39 ip-172-31-35-142.eu-west-1.compute.internal dlm_controld[14899]: 2504 fence result 4 pid 2570 result -1 term signal 6
May 08 07:41:39 ip-172-31-35-142.eu-west-1.compute.internal dlm_controld[14899]: 2504 fence status 4 receive -1 from 1 walltime 1778226099 local 2504
May 08 07:41:39 ip-172-31-35-142.eu-west-1.compute.internal dlm_controld[14899]: 2504 fence request 5 no actor
May 08 07:41:40 ip-172-31-35-142.eu-west-1.compute.internal dlm_controld[14899]: 2505 fence status 4 receive -1 from 2 walltime 1778226100 local 2505
May 08 07:41:40 ip-172-31-35-142.eu-west-1.compute.internal dlm_controld[14899]: 2505 fence request 5 no actor
May 08 07:41:41 ip-172-31-35-142.eu-west-1.compute.internal dlm_controld[14899]: 2506 fence status 4 receive -1 from 3 walltime 1778226101 local 2506
May 08 07:41:41 ip-172-31-35-142.eu-west-1.compute.internal dlm_controld[14899]: 2506 fence request 4 pid 2571 nodedown time 1778225664 fence_all dlm_stonith
May 08 07:41:42 ip-172-31-35-142.eu-west-1.compute.internal dlm_controld[14899]: 2507 fence result 4 pid 2571 result -1 term signal 6
May 08 07:41:42 ip-172-31-35-142.eu-west-1.compute.internal dlm_controld[14899]: 2507 fence status 4 receive -1 from 1 walltime 1778226102 local 2507
May 08 07:41:42 ip-172-31-35-142.eu-west-1.compute.internal dlm_controld[14899]: 2507 fence request 5 no actor
May 08 07:41:43 ip-172-31-35-142.eu-west-1.compute.internal dlm_controld[14899]: 2508 fence status 4 receive -1 from 2 walltime 1778226103 local 2508
May 08 07:41:43 ip-172-31-35-142.eu-west-1.compute.internal dlm_controld[14899]: 2508 fence request 5 no actor
May 08 07:41:44 ip-172-31-35-142.eu-west-1.compute.internal dlm_controld[14899]: 2509 fence status 4 receive -1 from 3 walltime 1778226104 local 2509
May 08 07:41:44 ip-172-31-35-142.eu-west-1.compute.internal dlm_controld[14899]: 2509 fence request 4 pid 2687 nodedown time 1778225664 fence_all dlm_stonith
May 08 07:41:45 ip-172-31-35-142.eu-west-1.compute.internal dlm_controld[14899]: 2510 fence result 4 pid 2687 result -1 term signal 6
May 08 07:41:45 ip-172-31-35-142.eu-west-1.compute.internal dlm_controld[14899]: 2510 fence status 4 receive -1 from 1 walltime 1778226105 local 2510
May 08 07:41:45 ip-172-31-35-142.eu-west-1.compute.internal dlm_controld[14899]: 2510 fence request 5 no actor
May 08 07:41:46 ip-172-31-35-142.eu-west-1.compute.internal dlm_controld[14899]: 2511 fence status 4 receive -1 from 2 walltime 1778226106 local 2511
May 08 07:41:46 ip-172-31-35-142.eu-west-1.compute.internal dlm_controld[14899]: 2511 fence request 5 no actor
