Cluster name: macluster
Stack: corosync
Current DC: ma-host-3 (3) (version 1.1.23-1.amzn2.1-9acf116022) - partition with quorum
Last updated: Fri May  8 09:53:02 2026
Last change: Fri May  8 09:40:58 2026 by hacluster via crmd on ma-host-5

5 nodes configured
16 resource instances configured

Online: [ ma-host-1 (1) ma-host-2 (2) ma-host-3 (3) ma-host-4 (4) ma-host-5 (5) ]

Full list of resources:

 clusterfence	(stonith:fence_aws):	Started ma-host-1
 Clone Set: dlm-clone [dlm]
     dlm	(ocf::pacemaker:controld):	Started ma-host-2
     dlm	(ocf::pacemaker:controld):	Started ma-host-5
     dlm	(ocf::pacemaker:controld):	Started ma-host-3
     dlm	(ocf::pacemaker:controld):	Started ma-host-1
     dlm	(ocf::pacemaker:controld):	Started ma-host-4
     Started: [ ma-host-1 ma-host-2 ma-host-3 ma-host-4 ma-host-5 ]
 Clone Set: clvmd-clone [clvmd]
     clvmd	(ocf::heartbeat:clvm):	Started ma-host-2
     clvmd	(ocf::heartbeat:clvm):	Started ma-host-5
     clvmd	(ocf::heartbeat:clvm):	Started ma-host-3
     clvmd	(ocf::heartbeat:clvm):	Started ma-host-1
     clvmd	(ocf::heartbeat:clvm):	Started ma-host-4
     Started: [ ma-host-1 ma-host-2 ma-host-3 ma-host-4 ma-host-5 ]
 Clone Set: clusterfs-clone [clusterfs]
     clusterfs	(ocf::heartbeat:Filesystem):	Started ma-host-2
     clusterfs	(ocf::heartbeat:Filesystem):	Started ma-host-5
     clusterfs	(ocf::heartbeat:Filesystem):	Started ma-host-3
     clusterfs	(ocf::heartbeat:Filesystem):	Started ma-host-1
     clusterfs	(ocf::heartbeat:Filesystem):	Started ma-host-4
     Started: [ ma-host-1 ma-host-2 ma-host-3 ma-host-4 ma-host-5 ]

Node Attributes:
* Node ma-host-1 (1):
* Node ma-host-2 (2):
* Node ma-host-3 (3):
* Node ma-host-4 (4):
* Node ma-host-5 (5):

Migration Summary:
* Node ma-host-2 (2):
* Node ma-host-5 (5):
* Node ma-host-3 (3):
* Node ma-host-1 (1):
* Node ma-host-4 (4):

Fencing History:
* turning off of ma-host-5 successful: delegate=ma-host-1, client=crmd.7240, origin=ma-host-3,
    completed='Fri May  8 09:48:36 2026'
* turning off of ma-host-5 successful: delegate=ma-host-1, client=crmd.7240, origin=ma-host-3,
    completed='Fri May  8 09:32:31 2026'

PCSD Status:
  ma-host-4: Online
  ma-host-1: Online
  ma-host-3: Online
  ma-host-2: Online
  ma-host-5: Online

Daemon Status:
  corosync: active/disabled
  pacemaker: active/disabled
  pcsd: active/enabled
