=== 2026-05-08 07:33:58 ===

Membership information
----------------------
    Nodeid      Votes Name
         1          1 ma-host-1 (local)
         2          1 ma-host-2
         4          1 ma-host-4
         3          1 ma-host-3

=== 2026-05-08 07:34:01 ===

Membership information
----------------------
    Nodeid      Votes Name
         1          1 ma-host-1 (local)
         2          1 ma-host-2
         4          1 ma-host-4
         3          1 ma-host-3

=== 2026-05-08 07:34:04 ===

Membership information
----------------------
    Nodeid      Votes Name
         1          1 ma-host-1 (local)
         2          1 ma-host-2
         4          1 ma-host-4
         3          1 ma-host-3

=== 2026-05-08 07:34:07 ===

Membership information
----------------------
    Nodeid      Votes Name
         1          1 ma-host-1 (local)
         2          1 ma-host-2
         4          1 ma-host-4
         3          1 ma-host-3

=== 2026-05-08 07:34:10 ===

Membership information
----------------------
    Nodeid      Votes Name
         1          1 ma-host-1 (local)
         2          1 ma-host-2
         4          1 ma-host-4
         3          1 ma-host-3

=== 2026-05-08 07:34:13 ===

Membership information
----------------------
    Nodeid      Votes Name
         1          1 ma-host-1 (local)
         2          1 ma-host-2
         4          1 ma-host-4
         3          1 ma-host-3

=== 2026-05-08 07:34:16 ===

Membership information
----------------------
    Nodeid      Votes Name
         1          1 ma-host-1 (local)
         2          1 ma-host-2
         4          1 ma-host-4
         3          1 ma-host-3

=== 2026-05-08 07:34:19 ===

Membership information
----------------------
    Nodeid      Votes Name
         1          1 ma-host-1 (local)
         2          1 ma-host-2
         4          1 ma-host-4
         3          1 ma-host-3

=== 2026-05-08 07:34:22 ===

Membership information
----------------------
    Nodeid      Votes Name
         1          1 ma-host-1 (local)
         2          1 ma-host-2
         4          1 ma-host-4
         3          1 ma-host-3

=== 2026-05-08 07:34:25 ===

Membership information
----------------------
    Nodeid      Votes Name
         1          1 ma-host-1 (local)
         2          1 ma-host-2
         3          1 ma-host-3

=== 2026-05-08 07:34:28 ===

Membership information
----------------------
    Nodeid      Votes Name
         1          1 ma-host-1 (local)
         2          1 ma-host-2
         3          1 ma-host-3

=== 2026-05-08 07:34:31 ===

Membership information
----------------------
    Nodeid      Votes Name
         1          1 ma-host-1 (local)
         2          1 ma-host-2
         3          1 ma-host-3

=== 2026-05-08 07:34:34 ===

Membership information
----------------------
    Nodeid      Votes Name
         1          1 ma-host-1 (local)
         2          1 ma-host-2
         3          1 ma-host-3

=== 2026-05-08 07:34:37 ===

Membership information
----------------------
    Nodeid      Votes Name
         1          1 ma-host-1 (local)
         2          1 ma-host-2
         3          1 ma-host-3

=== 2026-05-08 07:34:40 ===

Membership information
----------------------
    Nodeid      Votes Name
         1          1 ma-host-1 (local)
         2          1 ma-host-2
         3          1 ma-host-3

=== 2026-05-08 07:34:43 ===

Membership information
----------------------
    Nodeid      Votes Name
         1          1 ma-host-1 (local)
         2          1 ma-host-2
         3          1 ma-host-3

=== 2026-05-08 07:34:46 ===

Membership information
----------------------
    Nodeid      Votes Name
         1          1 ma-host-1 (local)
         2          1 ma-host-2
         3          1 ma-host-3

=== 2026-05-08 07:34:49 ===

Membership information
----------------------
    Nodeid      Votes Name
         1          1 ma-host-1 (local)
         2          1 ma-host-2
         3          1 ma-host-3

=== 2026-05-08 07:34:52 ===

Membership information
----------------------
    Nodeid      Votes Name
         1          1 ma-host-1 (local)
         2          1 ma-host-2
         3          1 ma-host-3

=== 2026-05-08 07:34:55 ===

Membership information
----------------------
    Nodeid      Votes Name
         1          1 ma-host-1 (local)
         2          1 ma-host-2
         3          1 ma-host-3

=== 2026-05-08 07:34:59 ===

Membership information
----------------------
    Nodeid      Votes Name
         1          1 ma-host-1 (local)
         2          1 ma-host-2
         3          1 ma-host-3

=== 2026-05-08 07:35:02 ===

Membership information
----------------------
    Nodeid      Votes Name
         1          1 ma-host-1 (local)
         2          1 ma-host-2
         3          1 ma-host-3

=== 2026-05-08 07:35:05 ===

Membership information
----------------------
    Nodeid      Votes Name
         1          1 ma-host-1 (local)
         2          1 ma-host-2
         3          1 ma-host-3

=== 2026-05-08 07:35:08 ===

Membership information
----------------------
    Nodeid      Votes Name
         1          1 ma-host-1 (local)
         2          1 ma-host-2
         3          1 ma-host-3

=== 2026-05-08 07:35:11 ===

Membership information
----------------------
    Nodeid      Votes Name
         1          1 ma-host-1 (local)
         2          1 ma-host-2
         3          1 ma-host-3

=== 2026-05-08 07:35:14 ===

Membership information
----------------------
    Nodeid      Votes Name
         1          1 ma-host-1 (local)
         2          1 ma-host-2
         3          1 ma-host-3

=== 2026-05-08 07:35:17 ===

Membership information
----------------------
    Nodeid      Votes Name
         1          1 ma-host-1 (local)
         2          1 ma-host-2
         3          1 ma-host-3

=== 2026-05-08 07:35:20 ===

Membership information
----------------------
    Nodeid      Votes Name
         1          1 ma-host-1 (local)
         2          1 ma-host-2
         3          1 ma-host-3

=== 2026-05-08 07:35:23 ===

Membership information
----------------------
    Nodeid      Votes Name
         1          1 ma-host-1 (local)
         2          1 ma-host-2
         3          1 ma-host-3

=== 2026-05-08 07:35:26 ===

Membership information
----------------------
    Nodeid      Votes Name
         1          1 ma-host-1 (local)
         2          1 ma-host-2
         3          1 ma-host-3

=== 2026-05-08 07:35:29 ===

Membership information
----------------------
    Nodeid      Votes Name
         1          1 ma-host-1 (local)
         2          1 ma-host-2
         3          1 ma-host-3

=== 2026-05-08 07:35:32 ===

Membership information
----------------------
    Nodeid      Votes Name
         1          1 ma-host-1 (local)
         2          1 ma-host-2
         3          1 ma-host-3

=== 2026-05-08 07:35:35 ===

Membership information
----------------------
    Nodeid      Votes Name
         1          1 ma-host-1 (local)
         2          1 ma-host-2
         3          1 ma-host-3

=== 2026-05-08 07:35:38 ===

Membership information
----------------------
    Nodeid      Votes Name
         1          1 ma-host-1 (local)
         2          1 ma-host-2
         3          1 ma-host-3

=== 2026-05-08 07:35:41 ===

Membership information
----------------------
    Nodeid      Votes Name
         1          1 ma-host-1 (local)
         2          1 ma-host-2
         3          1 ma-host-3

=== 2026-05-08 07:35:44 ===

Membership information
----------------------
    Nodeid      Votes Name
         1          1 ma-host-1 (local)
         2          1 ma-host-2
         3          1 ma-host-3

=== 2026-05-08 07:35:47 ===

Membership information
----------------------
    Nodeid      Votes Name
         1          1 ma-host-1 (local)
         2          1 ma-host-2
         3          1 ma-host-3

=== 2026-05-08 07:35:50 ===

Membership information
----------------------
    Nodeid      Votes Name
         1          1 ma-host-1 (local)
         2          1 ma-host-2
         3          1 ma-host-3

=== 2026-05-08 07:35:53 ===

Membership information
----------------------
    Nodeid      Votes Name
         1          1 ma-host-1 (local)
         2          1 ma-host-2
         3          1 ma-host-3

=== 2026-05-08 07:35:56 ===

Membership information
----------------------
    Nodeid      Votes Name
         1          1 ma-host-1 (local)
         2          1 ma-host-2
         3          1 ma-host-3

=== 2026-05-08 07:35:59 ===

Membership information
----------------------
    Nodeid      Votes Name
         1          1 ma-host-1 (local)
         2          1 ma-host-2
         3          1 ma-host-3

=== 2026-05-08 07:36:02 ===

Membership information
----------------------
    Nodeid      Votes Name
         1          1 ma-host-1 (local)
         2          1 ma-host-2
         3          1 ma-host-3

=== 2026-05-08 07:36:05 ===

Membership information
----------------------
    Nodeid      Votes Name
         1          1 ma-host-1 (local)
         2          1 ma-host-2
         3          1 ma-host-3

=== 2026-05-08 07:36:08 ===

Membership information
----------------------
    Nodeid      Votes Name
         1          1 ma-host-1 (local)
         2          1 ma-host-2
         3          1 ma-host-3

=== 2026-05-08 07:36:11 ===

Membership information
----------------------
    Nodeid      Votes Name
         1          1 ma-host-1 (local)
         2          1 ma-host-2
         3          1 ma-host-3

=== 2026-05-08 07:36:14 ===

Membership information
----------------------
    Nodeid      Votes Name
         1          1 ma-host-1 (local)
         2          1 ma-host-2
         3          1 ma-host-3

=== 2026-05-08 07:36:17 ===

Membership information
----------------------
    Nodeid      Votes Name
         1          1 ma-host-1 (local)
         2          1 ma-host-2
         3          1 ma-host-3

=== 2026-05-08 07:36:20 ===

Membership information
----------------------
    Nodeid      Votes Name
         1          1 ma-host-1 (local)
         2          1 ma-host-2
         3          1 ma-host-3

=== 2026-05-08 07:36:23 ===

Membership information
----------------------
    Nodeid      Votes Name
         1          1 ma-host-1 (local)
         2          1 ma-host-2
         3          1 ma-host-3

=== 2026-05-08 07:36:26 ===

Membership information
----------------------
    Nodeid      Votes Name
         1          1 ma-host-1 (local)
         2          1 ma-host-2
         3          1 ma-host-3

=== 2026-05-08 07:36:29 ===

Membership information
----------------------
    Nodeid      Votes Name
         1          1 ma-host-1 (local)
         2          1 ma-host-2
         3          1 ma-host-3

=== 2026-05-08 07:36:32 ===

Membership information
----------------------
    Nodeid      Votes Name
         1          1 ma-host-1 (local)
         2          1 ma-host-2
         3          1 ma-host-3

=== 2026-05-08 07:36:35 ===

Membership information
----------------------
    Nodeid      Votes Name
         1          1 ma-host-1 (local)
         2          1 ma-host-2
         3          1 ma-host-3

=== 2026-05-08 07:36:38 ===

Membership information
----------------------
    Nodeid      Votes Name
         1          1 ma-host-1 (local)
         2          1 ma-host-2
         3          1 ma-host-3

=== 2026-05-08 07:36:41 ===

Membership information
----------------------
    Nodeid      Votes Name
         1          1 ma-host-1 (local)
         2          1 ma-host-2
         3          1 ma-host-3

=== 2026-05-08 07:36:44 ===

Membership information
----------------------
    Nodeid      Votes Name
         1          1 ma-host-1 (local)
         2          1 ma-host-2
         3          1 ma-host-3

=== 2026-05-08 07:36:47 ===

Membership information
----------------------
    Nodeid      Votes Name
         1          1 ma-host-1 (local)
         2          1 ma-host-2
         3          1 ma-host-3

=== 2026-05-08 07:36:50 ===

Membership information
----------------------
    Nodeid      Votes Name
         1          1 ma-host-1 (local)
         2          1 ma-host-2
         3          1 ma-host-3

=== 2026-05-08 07:36:53 ===

Membership information
----------------------
    Nodeid      Votes Name
         1          1 ma-host-1 (local)
         2          1 ma-host-2
         3          1 ma-host-3

=== 2026-05-08 07:36:56 ===

Membership information
----------------------
    Nodeid      Votes Name
         1          1 ma-host-1 (local)
         2          1 ma-host-2
         3          1 ma-host-3

=== 2026-05-08 07:36:59 ===

Membership information
----------------------
    Nodeid      Votes Name
         1          1 ma-host-1 (local)
         2          1 ma-host-2
         3          1 ma-host-3

=== 2026-05-08 07:37:03 ===

Membership information
----------------------
    Nodeid      Votes Name
         1          1 ma-host-1 (local)
         2          1 ma-host-2
         3          1 ma-host-3

=== 2026-05-08 07:37:06 ===

Membership information
----------------------
    Nodeid      Votes Name
         1          1 ma-host-1 (local)
         2          1 ma-host-2
         3          1 ma-host-3

=== 2026-05-08 07:37:09 ===

Membership information
----------------------
    Nodeid      Votes Name
         1          1 ma-host-1 (local)
         2          1 ma-host-2
         3          1 ma-host-3

=== 2026-05-08 07:37:12 ===

Membership information
----------------------
    Nodeid      Votes Name
         1          1 ma-host-1 (local)
         2          1 ma-host-2
         3          1 ma-host-3

=== 2026-05-08 07:37:15 ===

Membership information
----------------------
    Nodeid      Votes Name
         1          1 ma-host-1 (local)
         2          1 ma-host-2
         3          1 ma-host-3

=== 2026-05-08 07:37:18 ===

Membership information
----------------------
    Nodeid      Votes Name
         1          1 ma-host-1 (local)
         2          1 ma-host-2
         3          1 ma-host-3

=== 2026-05-08 07:37:21 ===

Membership information
----------------------
    Nodeid      Votes Name
         1          1 ma-host-1 (local)
         2          1 ma-host-2
         3          1 ma-host-3

=== 2026-05-08 07:37:24 ===

Membership information
----------------------
    Nodeid      Votes Name
         1          1 ma-host-1 (local)
         2          1 ma-host-2
         3          1 ma-host-3

=== 2026-05-08 07:37:27 ===

Membership information
----------------------
    Nodeid      Votes Name
         1          1 ma-host-1 (local)
         2          1 ma-host-2
         3          1 ma-host-3

=== 2026-05-08 07:37:30 ===

Membership information
----------------------
    Nodeid      Votes Name
         1          1 ma-host-1 (local)
         2          1 ma-host-2
         3          1 ma-host-3

=== 2026-05-08 07:37:33 ===

Membership information
----------------------
    Nodeid      Votes Name
         1          1 ma-host-1 (local)
         2          1 ma-host-2
         3          1 ma-host-3

=== 2026-05-08 07:37:36 ===

Membership information
----------------------
    Nodeid      Votes Name
         1          1 ma-host-1 (local)
         2          1 ma-host-2
         3          1 ma-host-3

=== 2026-05-08 07:37:39 ===

Membership information
----------------------
    Nodeid      Votes Name
         1          1 ma-host-1 (local)
         2          1 ma-host-2
         3          1 ma-host-3

=== 2026-05-08 07:37:42 ===

Membership information
----------------------
    Nodeid      Votes Name
         1          1 ma-host-1 (local)
         2          1 ma-host-2
         3          1 ma-host-3

=== 2026-05-08 07:37:45 ===

Membership information
----------------------
    Nodeid      Votes Name
         1          1 ma-host-1 (local)
         2          1 ma-host-2
         3          1 ma-host-3

=== 2026-05-08 07:37:48 ===

Membership information
----------------------
    Nodeid      Votes Name
         1          1 ma-host-1 (local)
         2          1 ma-host-2
         3          1 ma-host-3

=== 2026-05-08 07:37:51 ===

Membership information
----------------------
    Nodeid      Votes Name
         1          1 ma-host-1 (local)
         2          1 ma-host-2
         3          1 ma-host-3

=== 2026-05-08 07:37:54 ===

Membership information
----------------------
    Nodeid      Votes Name
         1          1 ma-host-1 (local)
         2          1 ma-host-2
         3          1 ma-host-3

=== 2026-05-08 07:37:57 ===

Membership information
----------------------
    Nodeid      Votes Name
         1          1 ma-host-1 (local)
         2          1 ma-host-2
         3          1 ma-host-3

=== 2026-05-08 07:38:00 ===

Membership information
----------------------
    Nodeid      Votes Name
         1          1 ma-host-1 (local)
         2          1 ma-host-2
         3          1 ma-host-3

=== 2026-05-08 07:38:03 ===

Membership information
----------------------
    Nodeid      Votes Name
         1          1 ma-host-1 (local)
         2          1 ma-host-2
         3          1 ma-host-3

=== 2026-05-08 07:38:06 ===

Membership information
----------------------
    Nodeid      Votes Name
         1          1 ma-host-1 (local)
         2          1 ma-host-2
         3          1 ma-host-3

=== 2026-05-08 07:38:09 ===

Membership information
----------------------
    Nodeid      Votes Name
         1          1 ma-host-1 (local)
         2          1 ma-host-2
         3          1 ma-host-3

=== 2026-05-08 07:38:12 ===

Membership information
----------------------
    Nodeid      Votes Name
         1          1 ma-host-1 (local)
         2          1 ma-host-2
         3          1 ma-host-3

=== 2026-05-08 07:38:15 ===

Membership information
----------------------
    Nodeid      Votes Name
         1          1 ma-host-1 (local)
         2          1 ma-host-2
         3          1 ma-host-3

=== 2026-05-08 07:38:18 ===

Membership information
----------------------
    Nodeid      Votes Name
         1          1 ma-host-1 (local)
         2          1 ma-host-2
         3          1 ma-host-3

=== 2026-05-08 07:38:21 ===

Membership information
----------------------
    Nodeid      Votes Name
         1          1 ma-host-1 (local)
         2          1 ma-host-2
         3          1 ma-host-3

=== 2026-05-08 07:38:24 ===

Membership information
----------------------
    Nodeid      Votes Name
         1          1 ma-host-1 (local)
         2          1 ma-host-2
         3          1 ma-host-3

=== 2026-05-08 07:38:27 ===

Membership information
----------------------
    Nodeid      Votes Name
         1          1 ma-host-1 (local)
         2          1 ma-host-2
         3          1 ma-host-3

=== 2026-05-08 07:38:30 ===

Membership information
----------------------
    Nodeid      Votes Name
         1          1 ma-host-1 (local)
         2          1 ma-host-2
         3          1 ma-host-3

=== 2026-05-08 07:38:33 ===

Membership information
----------------------
    Nodeid      Votes Name
         1          1 ma-host-1 (local)
         2          1 ma-host-2
         3          1 ma-host-3

=== 2026-05-08 07:38:36 ===

Membership information
----------------------
    Nodeid      Votes Name
         1          1 ma-host-1 (local)
         2          1 ma-host-2
         3          1 ma-host-3

=== 2026-05-08 07:38:39 ===

Membership information
----------------------
    Nodeid      Votes Name
         1          1 ma-host-1 (local)
         2          1 ma-host-2
         3          1 ma-host-3

=== 2026-05-08 07:38:42 ===

Membership information
----------------------
    Nodeid      Votes Name
         1          1 ma-host-1 (local)
         2          1 ma-host-2
         3          1 ma-host-3

=== 2026-05-08 07:38:45 ===

Membership information
----------------------
    Nodeid      Votes Name
         1          1 ma-host-1 (local)
         2          1 ma-host-2
         3          1 ma-host-3

=== 2026-05-08 07:38:48 ===

Membership information
----------------------
    Nodeid      Votes Name
         1          1 ma-host-1 (local)
         2          1 ma-host-2
         3          1 ma-host-3

=== 2026-05-08 07:38:51 ===

Membership information
----------------------
    Nodeid      Votes Name
         1          1 ma-host-1 (local)
         2          1 ma-host-2
         3          1 ma-host-3

=== 2026-05-08 07:38:54 ===

Membership information
----------------------
    Nodeid      Votes Name
         1          1 ma-host-1 (local)
         2          1 ma-host-2
         3          1 ma-host-3

=== 2026-05-08 07:38:57 ===

Membership information
----------------------
    Nodeid      Votes Name
         1          1 ma-host-1 (local)
         2          1 ma-host-2
         3          1 ma-host-3

=== 2026-05-08 07:39:00 ===

Membership information
----------------------
    Nodeid      Votes Name
         1          1 ma-host-1 (local)
         2          1 ma-host-2
         3          1 ma-host-3

=== 2026-05-08 07:39:04 ===

Membership information
----------------------
    Nodeid      Votes Name
         1          1 ma-host-1 (local)
         2          1 ma-host-2
         3          1 ma-host-3

=== 2026-05-08 07:39:07 ===

Membership information
----------------------
    Nodeid      Votes Name
         1          1 ma-host-1 (local)
         2          1 ma-host-2
         3          1 ma-host-3

=== 2026-05-08 07:39:10 ===

Membership information
----------------------
    Nodeid      Votes Name
         1          1 ma-host-1 (local)
         2          1 ma-host-2
         3          1 ma-host-3

=== 2026-05-08 07:39:13 ===

Membership information
----------------------
    Nodeid      Votes Name
         1          1 ma-host-1 (local)
         2          1 ma-host-2
         3          1 ma-host-3

=== 2026-05-08 07:39:16 ===

Membership information
----------------------
    Nodeid      Votes Name
         1          1 ma-host-1 (local)
         2          1 ma-host-2
         3          1 ma-host-3

=== 2026-05-08 07:39:19 ===

Membership information
----------------------
    Nodeid      Votes Name
         1          1 ma-host-1 (local)
         2          1 ma-host-2
         3          1 ma-host-3

=== 2026-05-08 07:39:22 ===

Membership information
----------------------
    Nodeid      Votes Name
         1          1 ma-host-1 (local)
         2          1 ma-host-2
         3          1 ma-host-3

=== 2026-05-08 07:39:25 ===

Membership information
----------------------
    Nodeid      Votes Name
         1          1 ma-host-1 (local)
         2          1 ma-host-2
         3          1 ma-host-3

=== 2026-05-08 07:39:28 ===

Membership information
----------------------
    Nodeid      Votes Name
         1          1 ma-host-1 (local)
         2          1 ma-host-2
         3          1 ma-host-3

=== 2026-05-08 07:39:31 ===

Membership information
----------------------
    Nodeid      Votes Name
         1          1 ma-host-1 (local)
         2          1 ma-host-2
         3          1 ma-host-3

=== 2026-05-08 07:39:34 ===

Membership information
----------------------
    Nodeid      Votes Name
         1          1 ma-host-1 (local)
         2          1 ma-host-2
         3          1 ma-host-3

=== 2026-05-08 07:39:37 ===

Membership information
----------------------
    Nodeid      Votes Name
         1          1 ma-host-1 (local)
         2          1 ma-host-2
         3          1 ma-host-3

=== 2026-05-08 07:39:40 ===

Membership information
----------------------
    Nodeid      Votes Name
         1          1 ma-host-1 (local)
         2          1 ma-host-2
         3          1 ma-host-3

=== 2026-05-08 07:39:43 ===

Membership information
----------------------
    Nodeid      Votes Name
         1          1 ma-host-1 (local)
         2          1 ma-host-2
         3          1 ma-host-3

=== 2026-05-08 07:39:46 ===

Membership information
----------------------
    Nodeid      Votes Name
         1          1 ma-host-1 (local)
         2          1 ma-host-2
         3          1 ma-host-3

=== 2026-05-08 07:39:49 ===

Membership information
----------------------
    Nodeid      Votes Name
         1          1 ma-host-1 (local)
         2          1 ma-host-2
         3          1 ma-host-3

=== 2026-05-08 07:39:52 ===

Membership information
----------------------
    Nodeid      Votes Name
         1          1 ma-host-1 (local)
         2          1 ma-host-2
         3          1 ma-host-3

=== 2026-05-08 07:39:55 ===

Membership information
----------------------
    Nodeid      Votes Name
         1          1 ma-host-1 (local)
         2          1 ma-host-2
         3          1 ma-host-3

=== 2026-05-08 07:39:58 ===

Membership information
----------------------
    Nodeid      Votes Name
         1          1 ma-host-1 (local)
         2          1 ma-host-2
         3          1 ma-host-3

=== 2026-05-08 07:40:01 ===

Membership information
----------------------
    Nodeid      Votes Name
         1          1 ma-host-1 (local)
         2          1 ma-host-2
         3          1 ma-host-3

=== 2026-05-08 07:40:04 ===

Membership information
----------------------
    Nodeid      Votes Name
         1          1 ma-host-1 (local)
         2          1 ma-host-2
         3          1 ma-host-3

=== 2026-05-08 07:40:07 ===

Membership information
----------------------
    Nodeid      Votes Name
         1          1 ma-host-1 (local)
         2          1 ma-host-2
         3          1 ma-host-3

=== 2026-05-08 07:40:10 ===

Membership information
----------------------
    Nodeid      Votes Name
         1          1 ma-host-1 (local)
         2          1 ma-host-2
         3          1 ma-host-3

=== 2026-05-08 07:40:13 ===

Membership information
----------------------
    Nodeid      Votes Name
         1          1 ma-host-1 (local)
         2          1 ma-host-2
         3          1 ma-host-3

=== 2026-05-08 07:40:16 ===

Membership information
----------------------
    Nodeid      Votes Name
         1          1 ma-host-1 (local)
         2          1 ma-host-2
         3          1 ma-host-3

=== 2026-05-08 07:40:19 ===

Membership information
----------------------
    Nodeid      Votes Name
         1          1 ma-host-1 (local)
         2          1 ma-host-2
         3          1 ma-host-3

=== 2026-05-08 07:40:22 ===

Membership information
----------------------
    Nodeid      Votes Name
         1          1 ma-host-1 (local)
         2          1 ma-host-2
         3          1 ma-host-3

=== 2026-05-08 07:40:25 ===

Membership information
----------------------
    Nodeid      Votes Name
         1          1 ma-host-1 (local)
         2          1 ma-host-2
         3          1 ma-host-3

=== 2026-05-08 07:40:28 ===

Membership information
----------------------
    Nodeid      Votes Name
         1          1 ma-host-1 (local)
         2          1 ma-host-2
         3          1 ma-host-3

=== 2026-05-08 07:40:31 ===

Membership information
----------------------
    Nodeid      Votes Name
         1          1 ma-host-1 (local)
         2          1 ma-host-2
         3          1 ma-host-3

=== 2026-05-08 07:40:34 ===

Membership information
----------------------
    Nodeid      Votes Name
         1          1 ma-host-1 (local)
         2          1 ma-host-2
         3          1 ma-host-3

=== 2026-05-08 07:40:37 ===

Membership information
----------------------
    Nodeid      Votes Name
         1          1 ma-host-1 (local)
         2          1 ma-host-2
         3          1 ma-host-3

=== 2026-05-08 07:40:40 ===

Membership information
----------------------
    Nodeid      Votes Name
         1          1 ma-host-1 (local)
         2          1 ma-host-2
         3          1 ma-host-3

=== 2026-05-08 07:40:43 ===

Membership information
----------------------
    Nodeid      Votes Name
         1          1 ma-host-1 (local)
         2          1 ma-host-2
         3          1 ma-host-3

=== 2026-05-08 07:40:46 ===

Membership information
----------------------
    Nodeid      Votes Name
         1          1 ma-host-1 (local)
         2          1 ma-host-2
         3          1 ma-host-3

=== 2026-05-08 07:40:49 ===

Membership information
----------------------
    Nodeid      Votes Name
         1          1 ma-host-1 (local)
         2          1 ma-host-2
         3          1 ma-host-3

=== 2026-05-08 07:40:52 ===

Membership information
----------------------
    Nodeid      Votes Name
         1          1 ma-host-1 (local)
         2          1 ma-host-2
         3          1 ma-host-3

=== 2026-05-08 07:40:55 ===

Membership information
----------------------
    Nodeid      Votes Name
         1          1 ma-host-1 (local)
         2          1 ma-host-2
         3          1 ma-host-3

=== 2026-05-08 07:40:58 ===

Membership information
----------------------
    Nodeid      Votes Name
         1          1 ma-host-1 (local)
         2          1 ma-host-2
         3          1 ma-host-3

=== 2026-05-08 07:41:01 ===

Membership information
----------------------
    Nodeid      Votes Name
         1          1 ma-host-1 (local)
         2          1 ma-host-2
         3          1 ma-host-3

=== 2026-05-08 07:41:04 ===

Membership information
----------------------
    Nodeid      Votes Name
         1          1 ma-host-1 (local)
         2          1 ma-host-2
         3          1 ma-host-3

=== 2026-05-08 07:41:08 ===

Membership information
----------------------
    Nodeid      Votes Name
         1          1 ma-host-1 (local)
         2          1 ma-host-2
         3          1 ma-host-3

=== 2026-05-08 07:41:11 ===

Membership information
----------------------
    Nodeid      Votes Name
         1          1 ma-host-1 (local)
         2          1 ma-host-2
         3          1 ma-host-3

=== 2026-05-08 07:41:14 ===

Membership information
----------------------
    Nodeid      Votes Name
         1          1 ma-host-1 (local)
         2          1 ma-host-2
         3          1 ma-host-3

=== 2026-05-08 07:41:17 ===

Membership information
----------------------
    Nodeid      Votes Name
         1          1 ma-host-1 (local)
         2          1 ma-host-2
         3          1 ma-host-3

=== 2026-05-08 07:41:20 ===

Membership information
----------------------
    Nodeid      Votes Name
         1          1 ma-host-1 (local)
         2          1 ma-host-2
         3          1 ma-host-3

=== 2026-05-08 07:41:23 ===

Membership information
----------------------
    Nodeid      Votes Name
         1          1 ma-host-1 (local)
         2          1 ma-host-2
         3          1 ma-host-3

