=== 2026-05-08 07:22:42 ===

Membership information
----------------------
    Nodeid      Votes Name
         1          1 ma-host-1 (local)
         2          1 ma-host-2
         5          1 ma-host-5
         4          1 ma-host-4
         3          1 ma-host-3

=== 2026-05-08 07:22:45 ===

Membership information
----------------------
    Nodeid      Votes Name
         1          1 ma-host-1 (local)
         2          1 ma-host-2
         5          1 ma-host-5
         4          1 ma-host-4
         3          1 ma-host-3

=== 2026-05-08 07:22:48 ===

Membership information
----------------------
    Nodeid      Votes Name
         1          1 ma-host-1 (local)
         2          1 ma-host-2
         5          1 ma-host-5
         4          1 ma-host-4
         3          1 ma-host-3

=== 2026-05-08 07:22:51 ===

Membership information
----------------------
    Nodeid      Votes Name
         1          1 ma-host-1 (local)
         2          1 ma-host-2
         5          1 ma-host-5
         4          1 ma-host-4
         3          1 ma-host-3

=== 2026-05-08 07:22:54 ===

Membership information
----------------------
    Nodeid      Votes Name
         1          1 ma-host-1 (local)
         2          1 ma-host-2
         5          1 ma-host-5
         4          1 ma-host-4
         3          1 ma-host-3

=== 2026-05-08 07:22:57 ===

Membership information
----------------------
    Nodeid      Votes Name
         1          1 ma-host-1 (local)
         2          1 ma-host-2
         5          1 ma-host-5
         4          1 ma-host-4
         3          1 ma-host-3

=== 2026-05-08 07:23:00 ===

Membership information
----------------------
    Nodeid      Votes Name
         1          1 ma-host-1 (local)
         2          1 ma-host-2
         5          1 ma-host-5
         4          1 ma-host-4
         3          1 ma-host-3

=== 2026-05-08 07:23:03 ===

Membership information
----------------------
    Nodeid      Votes Name
         1          1 ma-host-1 (local)
         2          1 ma-host-2
         5          1 ma-host-5
         4          1 ma-host-4
         3          1 ma-host-3

=== 2026-05-08 07:23:06 ===

Membership information
----------------------
    Nodeid      Votes Name
         1          1 ma-host-1 (local)
         2          1 ma-host-2
         5          1 ma-host-5
         4          1 ma-host-4
         3          1 ma-host-3

=== 2026-05-08 07:23:09 ===

Membership information
----------------------
    Nodeid      Votes Name
         1          1 ma-host-1 (local)
         2          1 ma-host-2
         5          1 ma-host-5
         4          1 ma-host-4
         3          1 ma-host-3

=== 2026-05-08 07:23:12 ===

Membership information
----------------------
    Nodeid      Votes Name
         1          1 ma-host-1 (local)
         2          1 ma-host-2
         5          1 ma-host-5
         4          1 ma-host-4
         3          1 ma-host-3

=== 2026-05-08 07:23:15 ===

Membership information
----------------------
    Nodeid      Votes Name
         1          1 ma-host-1 (local)
         2          1 ma-host-2
         5          1 ma-host-5
         4          1 ma-host-4
         3          1 ma-host-3

=== 2026-05-08 07:23:18 ===

Membership information
----------------------
    Nodeid      Votes Name
         1          1 ma-host-1 (local)
         2          1 ma-host-2
         5          1 ma-host-5
         4          1 ma-host-4
         3          1 ma-host-3

=== 2026-05-08 07:23:21 ===

Membership information
----------------------
    Nodeid      Votes Name
         1          1 ma-host-1 (local)
         2          1 ma-host-2
         5          1 ma-host-5
         4          1 ma-host-4
         3          1 ma-host-3

=== 2026-05-08 07:23:24 ===

Membership information
----------------------
    Nodeid      Votes Name
         1          1 ma-host-1 (local)
         2          1 ma-host-2
         5          1 ma-host-5
         4          1 ma-host-4
         3          1 ma-host-3

=== 2026-05-08 07:23:27 ===

Membership information
----------------------
    Nodeid      Votes Name
         1          1 ma-host-1 (local)
         2          1 ma-host-2
         5          1 ma-host-5
         4          1 ma-host-4
         3          1 ma-host-3

=== 2026-05-08 07:23:30 ===

Membership information
----------------------
    Nodeid      Votes Name
         1          1 ma-host-1 (local)
         2          1 ma-host-2
         5          1 ma-host-5
         4          1 ma-host-4
         3          1 ma-host-3

=== 2026-05-08 07:23:33 ===

Membership information
----------------------
    Nodeid      Votes Name
         1          1 ma-host-1 (local)
         2          1 ma-host-2
         5          1 ma-host-5
         4          1 ma-host-4
         3          1 ma-host-3

=== 2026-05-08 07:23:36 ===

Membership information
----------------------
    Nodeid      Votes Name
         1          1 ma-host-1 (local)
         2          1 ma-host-2
         5          1 ma-host-5
         4          1 ma-host-4
         3          1 ma-host-3

=== 2026-05-08 07:23:39 ===

Membership information
----------------------
    Nodeid      Votes Name
         1          1 ma-host-1 (local)
         2          1 ma-host-2
         5          1 ma-host-5
         4          1 ma-host-4
         3          1 ma-host-3

=== 2026-05-08 07:23:42 ===

Membership information
----------------------
    Nodeid      Votes Name
         1          1 ma-host-1 (local)
         2          1 ma-host-2
         4          1 ma-host-4
         3          1 ma-host-3

=== 2026-05-08 07:23:45 ===

Membership information
----------------------
    Nodeid      Votes Name
         1          1 ma-host-1 (local)
         2          1 ma-host-2
         4          1 ma-host-4
         3          1 ma-host-3

=== 2026-05-08 07:23:49 ===

Membership information
----------------------
    Nodeid      Votes Name
         1          1 ma-host-1 (local)
         2          1 ma-host-2
         4          1 ma-host-4
         3          1 ma-host-3

=== 2026-05-08 07:23:52 ===

Membership information
----------------------
    Nodeid      Votes Name
         1          1 ma-host-1 (local)
         2          1 ma-host-2
         4          1 ma-host-4
         3          1 ma-host-3

=== 2026-05-08 07:23:55 ===

Membership information
----------------------
    Nodeid      Votes Name
         1          1 ma-host-1 (local)
         2          1 ma-host-2
         4          1 ma-host-4
         3          1 ma-host-3

=== 2026-05-08 07:23:58 ===

Membership information
----------------------
    Nodeid      Votes Name
         1          1 ma-host-1 (local)
         2          1 ma-host-2
         4          1 ma-host-4
         3          1 ma-host-3

=== 2026-05-08 07:24:01 ===

Membership information
----------------------
    Nodeid      Votes Name
         1          1 ma-host-1 (local)
         2          1 ma-host-2
         4          1 ma-host-4
         3          1 ma-host-3

=== 2026-05-08 07:24:04 ===

Membership information
----------------------
    Nodeid      Votes Name
         1          1 ma-host-1 (local)
         2          1 ma-host-2
         4          1 ma-host-4
         3          1 ma-host-3

=== 2026-05-08 07:24:07 ===

Membership information
----------------------
    Nodeid      Votes Name
         1          1 ma-host-1 (local)
         2          1 ma-host-2
         4          1 ma-host-4
         3          1 ma-host-3

=== 2026-05-08 07:24:10 ===

Membership information
----------------------
    Nodeid      Votes Name
         1          1 ma-host-1 (local)
         2          1 ma-host-2
         4          1 ma-host-4
         3          1 ma-host-3

=== 2026-05-08 07:24:13 ===

Membership information
----------------------
    Nodeid      Votes Name
         1          1 ma-host-1 (local)
         2          1 ma-host-2
         4          1 ma-host-4
         3          1 ma-host-3

=== 2026-05-08 07:24:16 ===

Membership information
----------------------
    Nodeid      Votes Name
         1          1 ma-host-1 (local)
         2          1 ma-host-2
         4          1 ma-host-4
         3          1 ma-host-3

=== 2026-05-08 07:24:19 ===

Membership information
----------------------
    Nodeid      Votes Name
         1          1 ma-host-1 (local)
         2          1 ma-host-2
         4          1 ma-host-4
         3          1 ma-host-3

=== 2026-05-08 07:24:22 ===

Membership information
----------------------
    Nodeid      Votes Name
         1          1 ma-host-1 (local)
         2          1 ma-host-2
         4          1 ma-host-4
         3          1 ma-host-3

=== 2026-05-08 07:24:25 ===

Membership information
----------------------
    Nodeid      Votes Name
         1          1 ma-host-1 (local)
         2          1 ma-host-2
         4          1 ma-host-4
         3          1 ma-host-3

=== 2026-05-08 07:24:28 ===

Membership information
----------------------
    Nodeid      Votes Name
         1          1 ma-host-1 (local)
         2          1 ma-host-2
         4          1 ma-host-4
         3          1 ma-host-3

=== 2026-05-08 07:24:31 ===

Membership information
----------------------
    Nodeid      Votes Name
         1          1 ma-host-1 (local)
         2          1 ma-host-2
         4          1 ma-host-4
         3          1 ma-host-3

=== 2026-05-08 07:24:34 ===

Membership information
----------------------
    Nodeid      Votes Name
         1          1 ma-host-1 (local)
         2          1 ma-host-2
         4          1 ma-host-4
         3          1 ma-host-3

=== 2026-05-08 07:24:37 ===

Membership information
----------------------
    Nodeid      Votes Name
         1          1 ma-host-1 (local)
         2          1 ma-host-2
         4          1 ma-host-4
         3          1 ma-host-3

=== 2026-05-08 07:24:40 ===

Membership information
----------------------
    Nodeid      Votes Name
         1          1 ma-host-1 (local)
         2          1 ma-host-2
         4          1 ma-host-4
         3          1 ma-host-3

=== 2026-05-08 07:24:43 ===

Membership information
----------------------
    Nodeid      Votes Name
         1          1 ma-host-1 (local)
         2          1 ma-host-2
         4          1 ma-host-4
         3          1 ma-host-3

=== 2026-05-08 07:24:46 ===

Membership information
----------------------
    Nodeid      Votes Name
         1          1 ma-host-1 (local)
         2          1 ma-host-2
         4          1 ma-host-4
         3          1 ma-host-3

=== 2026-05-08 07:24:49 ===

Membership information
----------------------
    Nodeid      Votes Name
         1          1 ma-host-1 (local)
         2          1 ma-host-2
         4          1 ma-host-4
         3          1 ma-host-3

=== 2026-05-08 07:24:52 ===

Membership information
----------------------
    Nodeid      Votes Name
         1          1 ma-host-1 (local)
         2          1 ma-host-2
         4          1 ma-host-4
         3          1 ma-host-3

=== 2026-05-08 07:24:55 ===

Membership information
----------------------
    Nodeid      Votes Name
         1          1 ma-host-1 (local)
         2          1 ma-host-2
         4          1 ma-host-4
         3          1 ma-host-3

=== 2026-05-08 07:24:58 ===

Membership information
----------------------
    Nodeid      Votes Name
         1          1 ma-host-1 (local)
         2          1 ma-host-2
         4          1 ma-host-4
         3          1 ma-host-3

=== 2026-05-08 07:25:01 ===

Membership information
----------------------
    Nodeid      Votes Name
         1          1 ma-host-1 (local)
         2          1 ma-host-2
         4          1 ma-host-4
         3          1 ma-host-3

=== 2026-05-08 07:25:04 ===

Membership information
----------------------
    Nodeid      Votes Name
         1          1 ma-host-1 (local)
         2          1 ma-host-2
         4          1 ma-host-4
         3          1 ma-host-3

=== 2026-05-08 07:25:07 ===

Membership information
----------------------
    Nodeid      Votes Name
         1          1 ma-host-1 (local)
         2          1 ma-host-2
         4          1 ma-host-4
         3          1 ma-host-3

=== 2026-05-08 07:25:10 ===

Membership information
----------------------
    Nodeid      Votes Name
         1          1 ma-host-1 (local)
         2          1 ma-host-2
         4          1 ma-host-4
         3          1 ma-host-3

=== 2026-05-08 07:25:13 ===

Membership information
----------------------
    Nodeid      Votes Name
         1          1 ma-host-1 (local)
         2          1 ma-host-2
         4          1 ma-host-4
         3          1 ma-host-3

=== 2026-05-08 07:25:16 ===

Membership information
----------------------
    Nodeid      Votes Name
         1          1 ma-host-1 (local)
         2          1 ma-host-2
         4          1 ma-host-4
         3          1 ma-host-3

=== 2026-05-08 07:25:19 ===

Membership information
----------------------
    Nodeid      Votes Name
         1          1 ma-host-1 (local)
         2          1 ma-host-2
         4          1 ma-host-4
         3          1 ma-host-3

=== 2026-05-08 07:25:22 ===

Membership information
----------------------
    Nodeid      Votes Name
         1          1 ma-host-1 (local)
         2          1 ma-host-2
         4          1 ma-host-4
         3          1 ma-host-3

=== 2026-05-08 07:25:25 ===

Membership information
----------------------
    Nodeid      Votes Name
         1          1 ma-host-1 (local)
         2          1 ma-host-2
         4          1 ma-host-4
         3          1 ma-host-3

=== 2026-05-08 07:25:28 ===

Membership information
----------------------
    Nodeid      Votes Name
         1          1 ma-host-1 (local)
         2          1 ma-host-2
         4          1 ma-host-4
         3          1 ma-host-3

=== 2026-05-08 07:25:31 ===

Membership information
----------------------
    Nodeid      Votes Name
         1          1 ma-host-1 (local)
         2          1 ma-host-2
         4          1 ma-host-4
         3          1 ma-host-3

=== 2026-05-08 07:25:34 ===

Membership information
----------------------
    Nodeid      Votes Name
         1          1 ma-host-1 (local)
         2          1 ma-host-2
         4          1 ma-host-4
         3          1 ma-host-3

=== 2026-05-08 07:25:37 ===

Membership information
----------------------
    Nodeid      Votes Name
         1          1 ma-host-1 (local)
         2          1 ma-host-2
         4          1 ma-host-4
         3          1 ma-host-3

=== 2026-05-08 07:25:40 ===

Membership information
----------------------
    Nodeid      Votes Name
         1          1 ma-host-1 (local)
         2          1 ma-host-2
         4          1 ma-host-4
         3          1 ma-host-3

=== 2026-05-08 07:25:43 ===

Membership information
----------------------
    Nodeid      Votes Name
         1          1 ma-host-1 (local)
         2          1 ma-host-2
         4          1 ma-host-4
         3          1 ma-host-3

=== 2026-05-08 07:25:47 ===

Membership information
----------------------
    Nodeid      Votes Name
         1          1 ma-host-1 (local)
         2          1 ma-host-2
         4          1 ma-host-4
         3          1 ma-host-3

=== 2026-05-08 07:25:50 ===

Membership information
----------------------
    Nodeid      Votes Name
         1          1 ma-host-1 (local)
         2          1 ma-host-2
         4          1 ma-host-4
         3          1 ma-host-3

=== 2026-05-08 07:25:53 ===

Membership information
----------------------
    Nodeid      Votes Name
         1          1 ma-host-1 (local)
         2          1 ma-host-2
         4          1 ma-host-4
         3          1 ma-host-3

=== 2026-05-08 07:25:56 ===

Membership information
----------------------
    Nodeid      Votes Name
         1          1 ma-host-1 (local)
         2          1 ma-host-2
         4          1 ma-host-4
         3          1 ma-host-3

=== 2026-05-08 07:25:59 ===

Membership information
----------------------
    Nodeid      Votes Name
         1          1 ma-host-1 (local)
         2          1 ma-host-2
         4          1 ma-host-4
         3          1 ma-host-3

=== 2026-05-08 07:26:02 ===

Membership information
----------------------
    Nodeid      Votes Name
         1          1 ma-host-1 (local)
         2          1 ma-host-2
         4          1 ma-host-4
         3          1 ma-host-3

=== 2026-05-08 07:26:05 ===

Membership information
----------------------
    Nodeid      Votes Name
         1          1 ma-host-1 (local)
         2          1 ma-host-2
         4          1 ma-host-4
         3          1 ma-host-3

=== 2026-05-08 07:26:08 ===

Membership information
----------------------
    Nodeid      Votes Name
         1          1 ma-host-1 (local)
         2          1 ma-host-2
         4          1 ma-host-4
         3          1 ma-host-3

=== 2026-05-08 07:26:11 ===

Membership information
----------------------
    Nodeid      Votes Name
         1          1 ma-host-1 (local)
         2          1 ma-host-2
         4          1 ma-host-4
         3          1 ma-host-3

=== 2026-05-08 07:26:14 ===

Membership information
----------------------
    Nodeid      Votes Name
         1          1 ma-host-1 (local)
         2          1 ma-host-2
         4          1 ma-host-4
         3          1 ma-host-3

=== 2026-05-08 07:26:17 ===

Membership information
----------------------
    Nodeid      Votes Name
         1          1 ma-host-1 (local)
         2          1 ma-host-2
         4          1 ma-host-4
         3          1 ma-host-3

=== 2026-05-08 07:26:20 ===

Membership information
----------------------
    Nodeid      Votes Name
         1          1 ma-host-1 (local)
         2          1 ma-host-2
         4          1 ma-host-4
         3          1 ma-host-3

=== 2026-05-08 07:26:23 ===

Membership information
----------------------
    Nodeid      Votes Name
         1          1 ma-host-1 (local)
         2          1 ma-host-2
         4          1 ma-host-4
         3          1 ma-host-3

=== 2026-05-08 07:26:26 ===

Membership information
----------------------
    Nodeid      Votes Name
         1          1 ma-host-1 (local)
         2          1 ma-host-2
         4          1 ma-host-4
         3          1 ma-host-3

=== 2026-05-08 07:26:29 ===

Membership information
----------------------
    Nodeid      Votes Name
         1          1 ma-host-1 (local)
         2          1 ma-host-2
         4          1 ma-host-4
         3          1 ma-host-3

=== 2026-05-08 07:26:32 ===

Membership information
----------------------
    Nodeid      Votes Name
         1          1 ma-host-1 (local)
         2          1 ma-host-2
         4          1 ma-host-4
         3          1 ma-host-3

=== 2026-05-08 07:26:35 ===

Membership information
----------------------
    Nodeid      Votes Name
         1          1 ma-host-1 (local)
         2          1 ma-host-2
         4          1 ma-host-4
         3          1 ma-host-3

=== 2026-05-08 07:26:38 ===

Membership information
----------------------
    Nodeid      Votes Name
         1          1 ma-host-1 (local)
         2          1 ma-host-2
         4          1 ma-host-4
         3          1 ma-host-3

=== 2026-05-08 07:26:41 ===

Membership information
----------------------
    Nodeid      Votes Name
         1          1 ma-host-1 (local)
         2          1 ma-host-2
         4          1 ma-host-4
         3          1 ma-host-3

=== 2026-05-08 07:26:44 ===

Membership information
----------------------
    Nodeid      Votes Name
         1          1 ma-host-1 (local)
         2          1 ma-host-2
         4          1 ma-host-4
         3          1 ma-host-3

=== 2026-05-08 07:26:47 ===

Membership information
----------------------
    Nodeid      Votes Name
         1          1 ma-host-1 (local)
         2          1 ma-host-2
         4          1 ma-host-4
         3          1 ma-host-3

=== 2026-05-08 07:26:50 ===

Membership information
----------------------
    Nodeid      Votes Name
         1          1 ma-host-1 (local)
         2          1 ma-host-2
         4          1 ma-host-4
         3          1 ma-host-3

=== 2026-05-08 07:26:53 ===

Membership information
----------------------
    Nodeid      Votes Name
         1          1 ma-host-1 (local)
         2          1 ma-host-2
         4          1 ma-host-4
         3          1 ma-host-3

=== 2026-05-08 07:26:56 ===

Membership information
----------------------
    Nodeid      Votes Name
         1          1 ma-host-1 (local)
         2          1 ma-host-2
         4          1 ma-host-4
         3          1 ma-host-3

=== 2026-05-08 07:26:59 ===

Membership information
----------------------
    Nodeid      Votes Name
         1          1 ma-host-1 (local)
         2          1 ma-host-2
         4          1 ma-host-4
         3          1 ma-host-3

=== 2026-05-08 07:27:02 ===

Membership information
----------------------
    Nodeid      Votes Name
         1          1 ma-host-1 (local)
         2          1 ma-host-2
         4          1 ma-host-4
         3          1 ma-host-3

=== 2026-05-08 07:27:05 ===

Membership information
----------------------
    Nodeid      Votes Name
         1          1 ma-host-1 (local)
         2          1 ma-host-2
         4          1 ma-host-4
         3          1 ma-host-3

=== 2026-05-08 07:27:08 ===

Membership information
----------------------
    Nodeid      Votes Name
         1          1 ma-host-1 (local)
         2          1 ma-host-2
         4          1 ma-host-4
         3          1 ma-host-3

=== 2026-05-08 07:27:11 ===

Membership information
----------------------
    Nodeid      Votes Name
         1          1 ma-host-1 (local)
         2          1 ma-host-2
         4          1 ma-host-4
         3          1 ma-host-3

=== 2026-05-08 07:27:14 ===

Membership information
----------------------
    Nodeid      Votes Name
         1          1 ma-host-1 (local)
         2          1 ma-host-2
         4          1 ma-host-4
         3          1 ma-host-3

=== 2026-05-08 07:27:17 ===

Membership information
----------------------
    Nodeid      Votes Name
         1          1 ma-host-1 (local)
         2          1 ma-host-2
         4          1 ma-host-4
         3          1 ma-host-3

=== 2026-05-08 07:27:20 ===

Membership information
----------------------
    Nodeid      Votes Name
         1          1 ma-host-1 (local)
         2          1 ma-host-2
         4          1 ma-host-4
         3          1 ma-host-3

=== 2026-05-08 07:27:23 ===

Membership information
----------------------
    Nodeid      Votes Name
         1          1 ma-host-1 (local)
         2          1 ma-host-2
         4          1 ma-host-4
         3          1 ma-host-3

=== 2026-05-08 07:27:26 ===

Membership information
----------------------
    Nodeid      Votes Name
         1          1 ma-host-1 (local)
         2          1 ma-host-2
         4          1 ma-host-4
         3          1 ma-host-3

=== 2026-05-08 07:27:29 ===

Membership information
----------------------
    Nodeid      Votes Name
         1          1 ma-host-1 (local)
         2          1 ma-host-2
         4          1 ma-host-4
         3          1 ma-host-3

=== 2026-05-08 07:27:32 ===

Membership information
----------------------
    Nodeid      Votes Name
         1          1 ma-host-1 (local)
         2          1 ma-host-2
         4          1 ma-host-4
         3          1 ma-host-3

=== 2026-05-08 07:27:35 ===

Membership information
----------------------
    Nodeid      Votes Name
         1          1 ma-host-1 (local)
         2          1 ma-host-2
         4          1 ma-host-4
         3          1 ma-host-3

=== 2026-05-08 07:27:38 ===

Membership information
----------------------
    Nodeid      Votes Name
         1          1 ma-host-1 (local)
         2          1 ma-host-2
         4          1 ma-host-4
         3          1 ma-host-3

=== 2026-05-08 07:27:41 ===

Membership information
----------------------
    Nodeid      Votes Name
         1          1 ma-host-1 (local)
         2          1 ma-host-2
         4          1 ma-host-4
         3          1 ma-host-3

=== 2026-05-08 07:27:44 ===

Membership information
----------------------
    Nodeid      Votes Name
         1          1 ma-host-1 (local)
         2          1 ma-host-2
         4          1 ma-host-4
         3          1 ma-host-3

=== 2026-05-08 07:27:48 ===

Membership information
----------------------
    Nodeid      Votes Name
         1          1 ma-host-1 (local)
         2          1 ma-host-2
         4          1 ma-host-4
         3          1 ma-host-3

=== 2026-05-08 07:27:51 ===

Membership information
----------------------
    Nodeid      Votes Name
         1          1 ma-host-1 (local)
         2          1 ma-host-2
         4          1 ma-host-4
         3          1 ma-host-3

=== 2026-05-08 07:27:54 ===

Membership information
----------------------
    Nodeid      Votes Name
         1          1 ma-host-1 (local)
         2          1 ma-host-2
         4          1 ma-host-4
         3          1 ma-host-3

=== 2026-05-08 07:27:57 ===

Membership information
----------------------
    Nodeid      Votes Name
         1          1 ma-host-1 (local)
         2          1 ma-host-2
         4          1 ma-host-4
         3          1 ma-host-3

=== 2026-05-08 07:28:00 ===

Membership information
----------------------
    Nodeid      Votes Name
         1          1 ma-host-1 (local)
         2          1 ma-host-2
         4          1 ma-host-4
         3          1 ma-host-3

=== 2026-05-08 07:28:03 ===

Membership information
----------------------
    Nodeid      Votes Name
         1          1 ma-host-1 (local)
         2          1 ma-host-2
         4          1 ma-host-4
         3          1 ma-host-3

=== 2026-05-08 07:28:06 ===

Membership information
----------------------
    Nodeid      Votes Name
         1          1 ma-host-1 (local)
         2          1 ma-host-2
         4          1 ma-host-4
         3          1 ma-host-3

=== 2026-05-08 07:28:09 ===

Membership information
----------------------
    Nodeid      Votes Name
         1          1 ma-host-1 (local)
         2          1 ma-host-2
         4          1 ma-host-4
         3          1 ma-host-3

=== 2026-05-08 07:28:12 ===

Membership information
----------------------
    Nodeid      Votes Name
         1          1 ma-host-1 (local)
         2          1 ma-host-2
         4          1 ma-host-4
         3          1 ma-host-3

=== 2026-05-08 07:28:15 ===

Membership information
----------------------
    Nodeid      Votes Name
         1          1 ma-host-1 (local)
         2          1 ma-host-2
         4          1 ma-host-4
         3          1 ma-host-3

=== 2026-05-08 07:28:18 ===

Membership information
----------------------
    Nodeid      Votes Name
         1          1 ma-host-1 (local)
         2          1 ma-host-2
         4          1 ma-host-4
         3          1 ma-host-3

=== 2026-05-08 07:28:21 ===

Membership information
----------------------
    Nodeid      Votes Name
         1          1 ma-host-1 (local)
         2          1 ma-host-2
         4          1 ma-host-4
         3          1 ma-host-3

=== 2026-05-08 07:28:24 ===

Membership information
----------------------
    Nodeid      Votes Name
         1          1 ma-host-1 (local)
         2          1 ma-host-2
         4          1 ma-host-4
         3          1 ma-host-3

=== 2026-05-08 07:28:27 ===

Membership information
----------------------
    Nodeid      Votes Name
         1          1 ma-host-1 (local)
         2          1 ma-host-2
         4          1 ma-host-4
         3          1 ma-host-3

=== 2026-05-08 07:28:30 ===

Membership information
----------------------
    Nodeid      Votes Name
         1          1 ma-host-1 (local)
         2          1 ma-host-2
         4          1 ma-host-4
         3          1 ma-host-3

=== 2026-05-08 07:28:33 ===

Membership information
----------------------
    Nodeid      Votes Name
         1          1 ma-host-1 (local)
         2          1 ma-host-2
         4          1 ma-host-4
         3          1 ma-host-3

